Archive member included to satisfy reference by file (symbol)

C:/ST/STM32CubeIDE_1.16.0/STM32CubeIDE/plugins/com.st.stm32cube.ide.mcu.externaltools.gnu-tools-for-stm32.12.3.rel1.win32_1.0.200.202406191623/tools/bin/../lib/gcc/arm-none-eabi/12.3.1/../../../../arm-none-eabi/lib/thumb/v7e-m+fp/hard\libc_nano.a(libc_a-exit.o)
                              C:/ST/STM32CubeIDE_1.16.0/STM32CubeIDE/plugins/com.st.stm32cube.ide.mcu.externaltools.gnu-tools-for-stm32.12.3.rel1.win32_1.0.200.202406191623/tools/bin/../lib/gcc/arm-none-eabi/12.3.1/../../../../arm-none-eabi/lib/thumb/v7e-m+fp/hard/crt0.o (exit)
C:/ST/STM32CubeIDE_1.16.0/STM32CubeIDE/plugins/com.st.stm32cube.ide.mcu.externaltools.gnu-tools-for-stm32.12.3.rel1.win32_1.0.200.202406191623/tools/bin/../lib/gcc/arm-none-eabi/12.3.1/../../../../arm-none-eabi/lib/thumb/v7e-m+fp/hard\libc_nano.a(libc_a-nano-vfprintf_float.o)
                              (_printf_float)
C:/ST/STM32CubeIDE_1.16.0/STM32CubeIDE/plugins/com.st.stm32cube.ide.mcu.externaltools.gnu-tools-for-stm32.12.3.rel1.win32_1.0.200.202406191623/tools/bin/../lib/gcc/arm-none-eabi/12.3.1/../../../../arm-none-eabi/lib/thumb/v7e-m+fp/hard\libc_nano.a(libc_a-nano-vfprintf_i.o)
                              C:/ST/STM32CubeIDE_1.16.0/STM32CubeIDE/plugins/com.st.stm32cube.ide.mcu.externaltools.gnu-tools-for-stm32.12.3.rel1.win32_1.0.200.202406191623/tools/bin/../lib/gcc/arm-none-eabi/12.3.1/../../../../arm-none-eabi/lib/thumb/v7e-m+fp/hard\libc_nano.a(libc_a-nano-vfprintf_float.o) (_printf_common)
C:/ST/STM32CubeIDE_1.16.0/STM32CubeIDE/plugins/com.st.stm32cube.ide.mcu.externaltools.gnu-tools-for-stm32.12.3.rel1.win32_1.0.200.202406191623/tools/bin/../lib/gcc/arm-none-eabi/12.3.1/../../../../arm-none-eabi/lib/thumb/v7e-m+fp/hard\libc_nano.a(libc_a-findfp.o)
                              C:/ST/STM32CubeIDE_1.16.0/STM32CubeIDE/plugins/com.st.stm32cube.ide.mcu.externaltools.gnu-tools-for-stm32.12.3.rel1.win32_1.0.200.202406191623/tools/bin/../lib/gcc/arm-none-eabi/12.3.1/../../../../arm-none-eabi/lib/thumb/v7e-m+fp/hard\libc_nano.a(libc_a-exit.o) (__stdio_exit_handler)
C:/ST/STM32CubeIDE_1.16.0/STM32CubeIDE/plugins/com.st.stm32cube.ide.mcu.externaltools.gnu-tools-for-stm32.12.3.rel1.win32_1.0.200.202406191623/tools/bin/../lib/gcc/arm-none-eabi/12.3.1/../../../../arm-none-eabi/lib/thumb/v7e-m+fp/hard\libc_nano.a(libc_a-fwalk.o)
                              C:/ST/STM32CubeIDE_1.16.0/STM32CubeIDE/plugins/com.st.stm32cube.ide.mcu.externaltools.gnu-tools-for-stm32.12.3.rel1.win32_1.0.200.202406191623/tools/bin/../lib/gcc/arm-none-eabi/12.3.1/../../../../arm-none-eabi/lib/thumb/v7e-m+fp/hard\libc_nano.a(libc_a-findfp.o) (_fwalk_sglue)
C:/ST/STM32CubeIDE_1.16.0/STM32CubeIDE/plugins/com.st.stm32cube.ide.mcu.externaltools.gnu-tools-for-stm32.12.3.rel1.win32_1.0.200.202406191623/tools/bin/../lib/gcc/arm-none-eabi/12.3.1/../../../../arm-none-eabi/lib/thumb/v7e-m+fp/hard\libc_nano.a(libc_a-snprintf.o)
                              ./Core/Src/main.o (snprintf)
C:/ST/STM32CubeIDE_1.16.0/STM32CubeIDE/plugins/com.st.stm32cube.ide.mcu.externaltools.gnu-tools-for-stm32.12.3.rel1.win32_1.0.200.202406191623/tools/bin/../lib/gcc/arm-none-eabi/12.3.1/../../../../arm-none-eabi/lib/thumb/v7e-m+fp/hard\libc_nano.a(libc_a-stdio.o)
                              C:/ST/STM32CubeIDE_1.16.0/STM32CubeIDE/plugins/com.st.stm32cube.ide.mcu.externaltools.gnu-tools-for-stm32.12.3.rel1.win32_1.0.200.202406191623/tools/bin/../lib/gcc/arm-none-eabi/12.3.1/../../../../arm-none-eabi/lib/thumb/v7e-m+fp/hard\libc_nano.a(libc_a-findfp.o) (__sread)
C:/ST/STM32CubeIDE_1.16.0/STM32CubeIDE/plugins/com.st.stm32cube.ide.mcu.externaltools.gnu-tools-for-stm32.12.3.rel1.win32_1.0.200.202406191623/tools/bin/../lib/gcc/arm-none-eabi/12.3.1/../../../../arm-none-eabi/lib/thumb/v7e-m+fp/hard\libc_nano.a(libc_a-memset.o)
                              C:/ST/STM32CubeIDE_1.16.0/STM32CubeIDE/plugins/com.st.stm32cube.ide.mcu.externaltools.gnu-tools-for-stm32.12.3.rel1.win32_1.0.200.202406191623/tools/bin/../lib/gcc/arm-none-eabi/12.3.1/../../../../arm-none-eabi/lib/thumb/v7e-m+fp/hard/crt0.o (memset)
C:/ST/STM32CubeIDE_1.16.0/STM32CubeIDE/plugins/com.st.stm32cube.ide.mcu.externaltools.gnu-tools-for-stm32.12.3.rel1.win32_1.0.200.202406191623/tools/bin/../lib/gcc/arm-none-eabi/12.3.1/../../../../arm-none-eabi/lib/thumb/v7e-m+fp/hard\libc_nano.a(libc_a-strncmp.o)
                              ./Core/Src/main.o (strncmp)
C:/ST/STM32CubeIDE_1.16.0/STM32CubeIDE/plugins/com.st.stm32cube.ide.mcu.externaltools.gnu-tools-for-stm32.12.3.rel1.win32_1.0.200.202406191623/tools/bin/../lib/gcc/arm-none-eabi/12.3.1/../../../../arm-none-eabi/lib/thumb/v7e-m+fp/hard\libc_nano.a(libc_a-localeconv.o)
[...]
Memory Configuration

Name             Origin             Length             Attributes
CCMRAM           0x10000000         0x00010000         xrw
RAM              0x20000000         0x00020000         xrw
FLASH            0x08000000         0x00100000         xr
*default*        0x00000000         0xffffffff

Linker script and memory map

LOAD C:/ST/STM32CubeIDE_1.16.0/STM32CubeIDE/plugins/com.st.stm32cube.ide.mcu.externaltools.gnu-tools-for-stm32.12.3.rel1.win32_1.0.200.202406191623/tools/bin/../lib/gcc/arm-none-eabi/12.3.1/thumb/v7e-m+fp/hard/crti.o
LOAD C:/ST/STM32CubeIDE_1.16.0/STM32CubeIDE/plugins/com.st.stm32cube.ide.mcu.externaltools.gnu-tools-for-stm32.12.3.rel1.win32_1.0.200.202406191623/tools/bin/../lib/gcc/arm-none-eabi/12.3.1/thumb/v7e-m+fp/hard/crtbegin.o
LOAD C:/ST/STM32CubeIDE_1.16.0/STM32CubeIDE/plugins/com.st.stm32cube.ide.mcu.externaltools.gnu-tools-for-stm32.12.3.rel1.win32_1.0.200.202406191623/tools/bin/../lib/gcc/arm-none-eabi/12.3.1/../../../../arm-none-eabi/lib/thumb/v7e-m+fp/hard/crt0.o
LOAD ./Core/Src/main.o
LOAD ./Core/Src/stm32f4xx_hal_msp.o
LOAD ./Core/Src/stm32f4xx_it.o
LOAD ./Core/Src/syscalls.o
LOAD ./Core/Src/sysmem.o
LOAD ./Core/Src/system_stm32f4xx.o
LOAD ./Core/Startup/startup_stm32f407vgtx.o
LOAD ./Drivers/STM32F4xx_HAL_Driver/stm32f4xx_hal.o
LOAD ./Drivers/STM32F4xx_HAL_Driver/stm32f4xx_hal_cortex.o
LOAD ./Drivers/STM32F4xx_HAL_Driver/stm32f4xx_hal_dma.o
LOAD ./Drivers/STM32F4xx_HAL_Driver/stm32f4xx_hal_dma_ex.o
LOAD ./Drivers/STM32F4xx_HAL_Driver/stm32f4xx_hal_exti.o
LOAD ./Drivers/STM32F4xx_HAL_Driver/stm32f4xx_hal_flash.o
LOAD ./Drivers/STM32F4xx_HAL_Driver/stm32f4xx_hal_flash_ex.o
LOAD ./Drivers/STM32F4xx_HAL_Driver/stm32f4xx_hal_flash_ramfunc.o
LOAD ./Drivers/STM32F4xx_HAL_Driver/stm32f4xx_hal_gpio.o
LOAD ./Drivers/STM32F4xx_HAL_Driver/stm32f4xx_hal_i2c.o
LOAD ./Drivers/STM32F4xx_HAL_Driver/stm32f4xx_hal_i2c_ex.o
LOAD ./Drivers/STM32F4xx_HAL_Driver/stm32f4xx_hal_i2s.o
LOAD ./Drivers/STM32F4xx_HAL_Driver/stm32f4xx_hal_i2s_ex.o
LOAD ./Drivers/STM32F4xx_HAL_Driver/stm32f4xx_hal_pcd.o
LOAD ./Drivers/STM32F4xx_HAL_Driver/stm32f4xx_hal_pcd_ex.o
LOAD ./Drivers/STM32F4xx_HAL_Driver/stm32f4xx_hal_pwr.o
LOAD ./Drivers/STM32F4xx_HAL_Driver/stm32f4xx_hal_pwr_ex.o
LOAD ./Drivers/STM32F4xx_HAL_Driver/stm32f4xx_hal_rcc.o
LOAD ./Drivers/STM32F4xx_HAL_Driver/stm32f4xx_hal_rcc_ex.o
LOAD ./Drivers/STM32F4xx_HAL_Driver/stm32f4xx_hal_spi.o
LOAD ./Drivers/STM32F4xx_HAL_Driver/stm32f4xx_hal_tim.o
LOAD ./Drivers/STM32F4xx_HAL_Driver/stm32f4xx_hal_tim_ex.o
LOAD ./Drivers/STM32F4xx_HAL_Driver/stm32f4xx_ll_usb.o
LOAD ./Middlewares/USB_Device_Library/usbd_cdc.o
LOAD ./Middlewares/USB_Device_Library/usbd_core.o
LOAD ./Middlewares/USB_Device_Library/usbd_ctlreq.o
LOAD ./Middlewares/USB_Device_Library/usbd_ioreq.o
LOAD ./USB_DEVICE/App/usb_device.o
LOAD ./USB_DEVICE/App/usbd_cdc_if.o
LOAD ./USB_DEVICE/App/usbd_desc.o
LOAD ./USB_DEVICE/Target/usbd_conf.o
START GROUP
LOAD C:/ST/STM32CubeIDE_1.16.0/STM32CubeIDE/plugins/com.st.stm32cube.ide.mcu.externaltools.gnu-tools-for-stm32.12.3.rel1.win32_1.0.200.202406191623/tools/bin/../lib/gcc/arm-none-eabi/12.3.1/../../../../arm-none-eabi/lib/thumb/v7e-m+fp/hard\libc_nano.a
LOAD C:/ST/STM32CubeIDE_1.16.0/STM32CubeIDE/plugins/com.st.stm32cube.ide.mcu.externaltools.gnu-tools-for-stm32.12.3.rel1.win32_1.0.200.202406191623/tools/bin/../lib/gcc/arm-none-eabi/12.3.1/../../../../arm-none-eabi/lib/thumb/v7e-m+fp/hard\libm.a
END GROUP
START GROUP
LOAD C:/ST/STM32CubeIDE_1.16.0/STM32CubeIDE/plugins/com.st.stm32cube.ide.mcu.externaltools.gnu-tools-for-stm32.12.3.rel1.win32_1.0.200.202406191623/tools/bin/../lib/gcc/arm-none-eabi/12.3.1/thumb/v7e-m+fp/hard\libgcc.a
LOAD C:/ST/STM32CubeIDE_1.16.0/STM32CubeIDE/plugins/com.st.stm32cube.ide.mcu.externaltools.gnu-tools-for-stm32.12.3.rel1.win32_1.0.200.202406191623/tools/bin/../lib/gcc/arm-none-eabi/12.3.1/../../../../arm-none-eabi/lib/thumb/v7e-m+fp/hard\libc_nano.a
END GROUP
START GROUP
LOAD C:/ST/STM32CubeIDE_1.16.0/STM32CubeIDE/plugins/com.st.stm32cube.ide.mcu.externaltools.gnu-tools-for-stm32.12.3.rel1.win32_1.0.200.202406191623/tools/bin/../lib/gcc/arm-none-eabi/12.3.1/thumb/v7e-m+fp/hard\libgcc.a
LOAD C:/ST/STM32CubeIDE_1.16.0/STM32CubeIDE/plugins/com.st.stm32cube.ide.mcu.externaltools.gnu-tools-for-stm32.12.3.rel1.win32_1.0.200.202406191623/tools/bin/../lib/gcc/arm-none-eabi/12.3.1/../../../../arm-none-eabi/lib/thumb/v7e-m+fp/hard\libc_nano.a
LOAD C:/ST/STM32CubeIDE_1.16.0/STM32CubeIDE/plugins/com.st.stm32cube.ide.mcu.externaltools.gnu-tools-for-stm32.12.3.rel1.win32_1.0.200.202406191623/tools/bin/../lib/gcc/arm-none-eabi/12.3.1/../../../../arm-none-eabi/lib/thumb/v7e-m+fp/hard\libnosys.a
END GROUP
START GROUP
LOAD C:/ST/STM32CubeIDE_1.16.0/STM32CubeIDE/plugins/com.st.stm32cube.ide.mcu.externaltools.gnu-tools-for-stm32.12.3.rel1.win32_1.0.200.202406191623/tools/bin/../lib/gcc/arm-none-eabi/12.3.1/thumb/v7e-m+fp/hard\libgcc.a
LOAD C:/ST/STM32CubeIDE_1.16.0/STM32CubeIDE/plugins/com.st.stm32cube.ide.mcu.externaltools.gnu-tools-for-stm32.12.3.rel1.win32_1.0.200.202406191623/tools/bin/../lib/gcc/arm-none-eabi/12.3.1/../../../../arm-none-eabi/lib/thumb/v7e-m+fp/hard\libc_nano.a
LOAD C:/ST/STM32CubeIDE_1.16.0/STM32CubeIDE/plugins/com.st.stm32cube.ide.mcu.externaltools.gnu-tools-for-stm32.12.3.rel1.win32_1.0.200.202406191623/tools/bin/../lib/gcc/arm-none-eabi/12.3.1/../../../../arm-none-eabi/lib/thumb/v7e-m+fp/hard\libnosys.a
END GROUP
LOAD C:/ST/STM32CubeIDE_1.16.0/STM32CubeIDE/plugins/com.st.stm32cube.ide.mcu.externaltools.gnu-tools-for-stm32.12.3.rel1.win32_1.0.200.202406191623/tools/bin/../lib/gcc/arm-none-eabi/12.3.1/thumb/v7e-m+fp/hard/crtend.o
LOAD C:/ST/STM32CubeIDE_1.16.0/STM32CubeIDE/plugins/com.st.stm32cube.ide.mcu.externaltools.gnu-tools-for-stm32.12.3.rel1.win32_1.0.200.202406191623/tools/bin/../lib/gcc/arm-none-eabi/12.3.1/thumb/v7e-m+fp/hard/crtn.o
                0x20020000                        _estack = (ORIGIN (RAM) + LENGTH (RAM))
                0x00000200                        _Min_Heap_Size = 0x200
                0x00000400                        _Min_Stack_Size = 0x400

.isr_vector     0x08000000      0x188
                0x08000000                        . = ALIGN (0x4)
 *(.isr_vector)
 .isr_vector    0x08000000      0x188 ./Core/Startup/startup_stm32f407vgtx.o
                0x08000000                g_pfnVectors
                0x08000188                        . = ALIGN (0x4)

.text           0x08000190     0xd660
                0x08000190                        . = ALIGN (0x4)
 *(.text)
 .text          0x08000190       0x40 C:/ST/STM32CubeIDE_1.16.0/STM32CubeIDE/plugins/com.st.stm32cube.ide.mcu.externaltools.gnu-tools-for-stm32.12.3.rel1.win32_1.0.200.202406191623/tools/bin/../lib/gcc/arm-none-eabi/12.3.1/thumb/v7e-m+fp/hard/crtbegin.o
 .text          0x080001d0       0xa0 C:/ST/STM32CubeIDE_1.16.0/STM32CubeIDE/plugins/com.st.stm32cube.ide.mcu.externaltools.gnu-tools-for-stm32.12.3.rel1.win32_1.0.200.202406191623/tools/bin/../lib/gcc/arm-none-eabi/12.3.1/../../../../arm-none-eabi/lib/thumb/v7e-m+fp/hard\libc_nano.a(libc_a-memchr.o)
                0x080001d0                memchr
 .text          0x08000270       0x10 C:/ST/STM32CubeIDE_1.16.0/STM32CubeIDE/plugins/com.st.stm32cube.ide.mcu.externaltools.gnu-tools-for-stm32.12.3.rel1.win32_1.0.200.202406191623/tools/bin/../lib/gcc/arm-none-eabi/12.3.1/../../../../arm-none-eabi/lib/thumb/v7e-m+fp/hard\libc_nano.a(libc_a-strlen.o)
                0x08000270                strlen
 .text          0x08000280      0x378 C:/ST/STM32CubeIDE_1.16.0/STM32CubeIDE/plugins/com.st.stm32cube.ide.mcu.externaltools.gnu-tools-for-stm32.12.3.rel1.win32_1.0.200.202406191623/tools/bin/../lib/gcc/arm-none-eabi/12.3.1/thumb/v7e-m+fp/hard\libgcc.a(_arm_addsubdf3.o)
                0x08000280                __aeabi_drsub
                0x08000288                __aeabi_dsub
                0x08000288                __subdf3
                0x0800028c                __aeabi_dadd
                0x0800028c                __adddf3
                0x08000504                __floatunsidf
                0x08000504                __aeabi_ui2d
                0x08000524                __floatsidf
                0x08000524                __aeabi_i2d
                0x08000548                __aeabi_f2d
                0x08000548                __extendsfdf2
                0x0800058c                __floatundidf
                0x0800058c                __aeabi_ul2d
                0x0800059c                __floatdidf
                0x0800059c                __aeabi_l2d
 .text          0x080005f8      0x424 C:/ST/STM32CubeIDE_1.16.0/STM32CubeIDE/plugins/com.st.stm32cube.ide.mcu.externaltools.gnu-tools-for-stm32.12.3.rel1.win32_1.0.200.202406191623/tools/bin/../lib/gcc/arm-none-eabi/12.3.1/thumb/v7e-m+fp/hard\libgcc.a(_arm_muldivdf3.o)
                0x080005f8                __aeabi_dmul
                0x080005f8                __muldf3
                0x0800084c                __divdf3
                0x0800084c                __aeabi_ddiv
 .text          0x08000a1c      0x110 C:/ST/STM32CubeIDE_1.16.0/STM32CubeIDE/plugins/com.st.stm32cube.ide.mcu.externaltools.gnu-tools-for-stm32.12.3.rel1.win32_1.0.200.202406191623/tools/bin/../lib/gcc/arm-none-eabi/12.3.1/thumb/v7e-m+fp/hard\libgcc.a(_arm_cmpdf2.o)
                0x08000a1c                __gtdf2
                0x08000a1c                __gedf2
                0x08000a24                __ltdf2
                0x08000a24                __ledf2
                0x08000a2c                __nedf2
                0x08000a2c                __eqdf2
                0x08000a2c                __cmpdf2
                0x08000aa8                __aeabi_cdrcmple
                0x08000ab8                __aeabi_cdcmpeq
                0x08000ab8                __aeabi_cdcmple
                0x08000ac8                __aeabi_dcmpeq
                0x08000adc                __aeabi_dcmplt
                0x08000af0                __aeabi_dcmple
                0x08000b04                __aeabi_dcmpge
                0x08000b18                __aeabi_dcmpgt
 .text          0x08000b2c       0x2c C:/ST/STM32CubeIDE_1.16.0/STM32CubeIDE/plugins/com.st.stm32cube.ide.mcu.externaltools.gnu-tools-for-stm32.12.3.rel1.win32_1.0.200.202406191623/tools/bin/../lib/gcc/arm-none-eabi/12.3.1/thumb/v7e-m+fp/hard\libgcc.a(_arm_unorddf2.o)
                0x08000b2c                __unorddf2
                0x08000b2c                __aeabi_dcmpun
 .text          0x08000b58       0x50 C:/ST/STM32CubeIDE_1.16.0/STM32CubeIDE/plugins/com.st.stm32cube.ide.mcu.externaltools.gnu-tools-for-stm32.12.3.rel1.win32_1.0.200.202406191623/tools/bin/../lib/gcc/arm-none-eabi/12.3.1/thumb/v7e-m+fp/hard\libgcc.a(_arm_fixdfsi.o)
                0x08000b58                __aeabi_d2iz
                0x08000b58                __fixdfsi
 .text          0x08000ba8       0x30 C:/ST/STM32CubeIDE_1.16.0/STM32CubeIDE/plugins/com.st.stm32cube.ide.mcu.externaltools.gnu-tools-for-stm32.12.3.rel1.win32_1.0.200.202406191623/tools/bin/../lib/gcc/arm-none-eabi/12.3.1/thumb/v7e-m+fp/hard\libgcc.a(_aeabi_uldivmod.o)
                0x08000ba8                __aeabi_uldivmod
 .text          0x08000bd8      0x2bc C:/ST/STM32CubeIDE_1.16.0/STM32CubeIDE/plugins/com.st.stm32cube.ide.mcu.externaltools.gnu-tools-for-stm32.12.3.rel1.win32_1.0.200.202406191623/tools/bin/../lib/gcc/arm-none-eabi/12.3.1/thumb/v7e-m+fp/hard\libgcc.a(_udivmoddi4.o)
                0x08000bd8                __udivmoddi4
 .text          0x08000e94        0x4 C:/ST/STM32CubeIDE_1.16.0/STM32CubeIDE/plugins/com.st.stm32cube.ide.mcu.externaltools.gnu-tools-for-stm32.12.3.rel1.win32_1.0.200.202406191623/tools/bin/../lib/gcc/arm-none-eabi/12.3.1/thumb/v7e-m+fp/hard\libgcc.a(_dvmd_tls.o)
                0x08000e94                __aeabi_idiv0
                0x08000e94                __aeabi_ldiv0
 *(.text*)
 .text.KalmanFilter_Init
                0x08000e98       0x5c ./Core/Src/main.o
                0x08000e98                KalmanFilter_Init
 .text.KalmanFilter_Update
                0x08000ef4       0xdc ./Core/Src/main.o
                0x08000ef4                KalmanFilter_Update
 .text.convertAccelToMg
                0x08000fd0       0x38 ./Core/Src/main.o
                0x08000fd0                convertAccelToMg
 .text.convertGyroToDps
                0x08001008       0x50 ./Core/Src/main.o
                0x08001008                convertGyroToDps
 .text.calibrate
                0x08001058      0x1bc ./Core/Src/main.o
                0x08001058                calibrate
 *fill*         0x08001214        0x4 
 .text.main     0x08001218      0x7e0 ./Core/Src/main.o
                0x08001218                main
 .text.I2C1_Init
                0x080019f8       0x84 ./Core/Src/main.o
                0x080019f8                I2C1_Init
 .text.ISM330DLC_Init
                0x08001a7c       0x4c ./Core/Src/main.o
                0x08001a7c                ISM330DLC_Init
 .text.ISM330DLC_ReadAccelerometer
                0x08001ac8       0x70 ./Core/Src/main.o
                0x08001ac8                ISM330DLC_ReadAccelerometer
 .text.ISM330DLC_ReadGyroscope
                0x08001b38       0x70 ./Core/Src/main.o
                0x08001b38                ISM330DLC_ReadGyroscope
 .text.Motor_Control
                0x08001ba8       0x7c ./Core/Src/main.o
                0x08001ba8                Motor_Control
 .text.Process_USB_Command
                0x08001c24       0xa0 ./Core/Src/main.o
                0x08001c24                Process_USB_Command
 .text.CDC_Transmit_Data
                0x08001cc4       0x28 ./Core/Src/main.o
                0x08001cc4                CDC_Transmit_Data
 .text.GPIO_Init
                0x08001cec       0x70 ./Core/Src/main.o
                0x08001cec                GPIO_Init
 .text.__io_putchar
                0x08001d5c       0x30 ./Core/Src/main.o
                0x08001d5c                __io_putchar
 .text.SystemClock_Config
                0x08001d8c       0xd4 ./Core/Src/main.o
                0x08001d8c                SystemClock_Config
 .text.Error_Handler
                0x08001e60        0x8 ./Core/Src/main.o
                0x08001e60                Error_Handler
 .text.HAL_MspInit
                0x08001e68       0x50 ./Core/Src/stm32f4xx_hal_msp.o
                0x08001e68                HAL_MspInit
 .text.HAL_I2C_MspInit
                0x08001eb8       0x90 ./Core/Src/stm32f4xx_hal_msp.o
                0x08001eb8                HAL_I2C_MspInit
 .text.NMI_Handler
                0x08001f48        0x8 ./Core/Src/stm32f4xx_it.o
                0x08001f48                NMI_Handler
 .text.HardFault_Handler
                0x08001f50        0x8 ./Core/Src/stm32f4xx_it.o
                0x08001f50                HardFault_Handler
 .text.MemManage_Handler
                0x08001f58        0x8 ./Core/Src/stm32f4xx_it.o
                0x08001f58                MemManage_Handler
 .text.BusFault_Handler
                0x08001f60        0x8 ./Core/Src/stm32f4xx_it.o
                0x08001f60                BusFault_Handler
 .text.UsageFault_Handler
                0x08001f68        0x8 ./Core/Src/stm32f4xx_it.o
                0x08001f68                UsageFault_Handler
 .text.SVC_Handler
                0x08001f70        0xe ./Core/Src/stm32f4xx_it.o
                0x08001f70                SVC_Handler
 .text.DebugMon_Handler
                0x08001f7e        0xe ./Core/Src/stm32f4xx_it.o
                0x08001f7e                DebugMon_Handler
 .text.PendSV_Handler
                0x08001f8c        0xe ./Core/Src/stm32f4xx_it.o
                0x08001f8c                PendSV_Handler
 .text.SysTick_Handler
                0x08001f9a        0xc ./Core/Src/stm32f4xx_it.o
                0x08001f9a                SysTick_Handler
 *fill*         0x08001fa6        0x2 
 .text.OTG_FS_IRQHandler
                0x08001fa8       0x14 ./Core/Src/stm32f4xx_it.o
                0x08001fa8                OTG_FS_IRQHandler
 .text._getpid  0x08001fbc       0x10 ./Core/Src/syscalls.o
                0x08001fbc                _getpid
 .text._kill    0x08001fcc       0x20 ./Core/Src/syscalls.o
                0x08001fcc                _kill
 .text._exit    0x08001fec       0x16 ./Core/Src/syscalls.o
                0x08001fec                _exit
 .text._read    0x08002002       0x3a ./Core/Src/syscalls.o
                0x08002002                _read
 .text._write   0x0800203c       0x38 ./Core/Src/syscalls.o
                0x0800203c                _write
 .text._close   0x08002074       0x18 ./Core/Src/syscalls.o
                0x08002074                _close
 .text._fstat   0x0800208c       0x20 ./Core/Src/syscalls.o
                0x0800208c                _fstat
 .text._isatty  0x080020ac       0x16 ./Core/Src/syscalls.o
                0x080020ac                _isatty
 .text._lseek   0x080020c2       0x1a ./Core/Src/syscalls.o
                0x080020c2                _lseek
 .text._sbrk    0x080020dc       0x6c ./Core/Src/sysmem.o
                0x080020dc                _sbrk
 .text.SystemInit
                0x08002148       0x24 ./Core/Src/system_stm32f4xx.o
                0x08002148                SystemInit
 .text.Reset_Handler
                0x0800216c       0x50 ./Core/Startup/startup_stm32f407vgtx.o
                0x0800216c                Reset_Handler
 .text.Default_Handler
                0x080021bc        0x2 ./Core/Startup/startup_stm32f407vgtx.o
                0x080021bc                RTC_Alarm_IRQHandler
                0x080021bc                HASH_RNG_IRQHandler
                0x080021bc                EXTI2_IRQHandler
                0x080021bc                TIM8_CC_IRQHandler
                0x080021bc                TIM1_CC_IRQHandler
                0x080021bc                DMA2_Stream5_IRQHandler
                0x080021bc                DMA1_Stream5_IRQHandler
                0x080021bc                PVD_IRQHandler
                0x080021bc                SDIO_IRQHandler
                0x080021bc                TAMP_STAMP_IRQHandler
                0x080021bc                CAN2_RX1_IRQHandler
                0x080021bc                EXTI3_IRQHandler
                0x080021bc                TIM8_TRG_COM_TIM14_IRQHandler
                0x080021bc                TIM1_UP_TIM10_IRQHandler
                0x080021bc                TIM8_UP_TIM13_IRQHandler
                0x080021bc                I2C3_ER_IRQHandler
                0x080021bc                EXTI0_IRQHandler
                0x080021bc                I2C2_EV_IRQHandler
                0x080021bc                DMA1_Stream2_IRQHandler
                0x080021bc                CAN1_RX0_IRQHandler
                0x080021bc                FPU_IRQHandler
                0x080021bc                OTG_HS_WKUP_IRQHandler
                0x080021bc                CAN2_SCE_IRQHandler
                0x080021bc                DMA2_Stream2_IRQHandler
                0x080021bc                SPI1_IRQHandler
                0x080021bc                TIM6_DAC_IRQHandler
                0x080021bc                TIM1_BRK_TIM9_IRQHandler
                0x080021bc                DCMI_IRQHandler
                0x080021bc                CAN2_RX0_IRQHandler
                0x080021bc                DMA2_Stream3_IRQHandler
                0x080021bc                USART6_IRQHandler
                0x080021bc                USART3_IRQHandler
                0x080021bc                CAN1_RX1_IRQHandler
                0x080021bc                UART5_IRQHandler
                0x080021bc                DMA2_Stream0_IRQHandler
                0x080021bc                TIM4_IRQHandler
                0x080021bc                I2C1_EV_IRQHandler
                0x080021bc                DMA1_Stream6_IRQHandler
                0x080021bc                DMA1_Stream1_IRQHandler
                0x080021bc                UART4_IRQHandler
                0x080021bc                TIM3_IRQHandler
                0x080021bc                RCC_IRQHandler
                0x080021bc                TIM8_BRK_TIM12_IRQHandler
                0x080021bc                Default_Handler
                0x080021bc                EXTI15_10_IRQHandler
                0x080021bc                ADC_IRQHandler
                0x080021bc                DMA1_Stream7_IRQHandler
                0x080021bc                TIM7_IRQHandler
                0x080021bc                CAN2_TX_IRQHandler
                0x080021bc                TIM5_IRQHandler
                0x080021bc                DMA2_Stream7_IRQHandler
                0x080021bc                I2C3_EV_IRQHandler
                0x080021bc                EXTI9_5_IRQHandler
                0x080021bc                RTC_WKUP_IRQHandler
                0x080021bc                ETH_WKUP_IRQHandler
                0x080021bc                SPI2_IRQHandler
                0x080021bc                OTG_HS_EP1_IN_IRQHandler
                0x080021bc                DMA1_Stream0_IRQHandler
                0x080021bc                CAN1_TX_IRQHandler
                0x080021bc                EXTI4_IRQHandler
                0x080021bc                FSMC_IRQHandler
                0x080021bc                ETH_IRQHandler
                0x080021bc                OTG_HS_EP1_OUT_IRQHandler
                0x080021bc                WWDG_IRQHandler
                0x080021bc                TIM2_IRQHandler
                0x080021bc                OTG_FS_WKUP_IRQHandler
                0x080021bc                TIM1_TRG_COM_TIM11_IRQHandler
                0x080021bc                OTG_HS_IRQHandler
                0x080021bc                EXTI1_IRQHandler
                0x080021bc                USART2_IRQHandler
                0x080021bc                I2C2_ER_IRQHandler
                0x080021bc                DMA2_Stream1_IRQHandler
                0x080021bc                CAN1_SCE_IRQHandler
                0x080021bc                FLASH_IRQHandler
                0x080021bc                DMA2_Stream4_IRQHandler
                0x080021bc                USART1_IRQHandler
                0x080021bc                SPI3_IRQHandler
                0x080021bc                DMA1_Stream4_IRQHandler
                0x080021bc                I2C1_ER_IRQHandler
                0x080021bc                DMA2_Stream6_IRQHandler
                0x080021bc                DMA1_Stream3_IRQHandler
 *fill*         0x080021be        0x2 
 .text.HAL_Init
                0x080021c0       0x44 ./Drivers/STM32F4xx_HAL_Driver/stm32f4xx_hal.o
                0x080021c0                HAL_Init
 .text.HAL_InitTick
                0x08002204       0x60 ./Drivers/STM32F4xx_HAL_Driver/stm32f4xx_hal.o
                0x08002204                HAL_InitTick
 .text.HAL_IncTick
                0x08002264       0x28 ./Drivers/STM32F4xx_HAL_Driver/stm32f4xx_hal.o
                0x08002264                HAL_IncTick
 .text.HAL_GetTick
                0x0800228c       0x18 ./Drivers/STM32F4xx_HAL_Driver/stm32f4xx_hal.o
                0x0800228c                HAL_GetTick
 .text.HAL_Delay
                0x080022a4       0x48 ./Drivers/STM32F4xx_HAL_Driver/stm32f4xx_hal.o
                0x080022a4                HAL_Delay
 .text.__NVIC_SetPriorityGrouping
                0x080022ec       0x48 ./Drivers/STM32F4xx_HAL_Driver/stm32f4xx_hal_cortex.o
 .text.__NVIC_GetPriorityGrouping
                0x08002334       0x1c ./Drivers/STM32F4xx_HAL_Driver/stm32f4xx_hal_cortex.o
 .text.__NVIC_EnableIRQ
                0x08002350       0x3c ./Drivers/STM32F4xx_HAL_Driver/stm32f4xx_hal_cortex.o
 .text.__NVIC_SetPriority
                0x0800238c       0x54 ./Drivers/STM32F4xx_HAL_Driver/stm32f4xx_hal_cortex.o
 .text.NVIC_EncodePriority
                0x080023e0       0x66 ./Drivers/STM32F4xx_HAL_Driver/stm32f4xx_hal_cortex.o
 *fill*         0x08002446        0x2 
 .text.SysTick_Config
                0x08002448       0x44 ./Drivers/STM32F4xx_HAL_Driver/stm32f4xx_hal_cortex.o
 .text.HAL_NVIC_SetPriorityGrouping
                0x0800248c       0x16 ./Drivers/STM32F4xx_HAL_Driver/stm32f4xx_hal_cortex.o
                0x0800248c                HAL_NVIC_SetPriorityGrouping
 .text.HAL_NVIC_SetPriority
                0x080024a2       0x38 ./Drivers/STM32F4xx_HAL_Driver/stm32f4xx_hal_cortex.o
                0x080024a2                HAL_NVIC_SetPriority
 .text.HAL_NVIC_EnableIRQ
                0x080024da       0x1c ./Drivers/STM32F4xx_HAL_Driver/stm32f4xx_hal_cortex.o
                0x080024da                HAL_NVIC_EnableIRQ
 .text.HAL_SYSTICK_Config
                0x080024f6       0x18 ./Drivers/STM32F4xx_HAL_Driver/stm32f4xx_hal_cortex.o
                0x080024f6                HAL_SYSTICK_Config
 *fill*         0x0800250e        0x2 
 .text.HAL_GPIO_Init
                0x08002510      0x338 ./Drivers/STM32F4xx_HAL_Driver/stm32f4xx_hal_gpio.o
                0x08002510                HAL_GPIO_Init
 .text.HAL_GPIO_WritePin
                0x08002848       0x32 ./Drivers/STM32F4xx_HAL_Driver/stm32f4xx_hal_gpio.o
                0x08002848                HAL_GPIO_WritePin
 *fill*         0x0800287a        0x2 
 .text.HAL_I2C_Init
                0x0800287c      0x288 ./Drivers/STM32F4xx_HAL_Driver/stm32f4xx_hal_i2c.o
                0x0800287c                HAL_I2C_Init
 .text.HAL_I2C_Mem_Write
                0x08002b04      0x1f4 ./Drivers/STM32F4xx_HAL_Driver/stm32f4xx_hal_i2c.o
                0x08002b04                HAL_I2C_Mem_Write
 .text.HAL_I2C_Mem_Read
                0x08002cf8      0x464 ./Drivers/STM32F4xx_HAL_Driver/stm32f4xx_hal_i2c.o
                0x08002cf8                HAL_I2C_Mem_Read
 .text.I2C_RequestMemoryWrite
                0x0800315c      0x12c ./Drivers/STM32F4xx_HAL_Driver/stm32f4xx_hal_i2c.o
 .text.I2C_RequestMemoryRead
                0x08003288      0x1d0 ./Drivers/STM32F4xx_HAL_Driver/stm32f4xx_hal_i2c.o
 .text.I2C_WaitOnFlagUntilTimeout
                0x08003458       0xf4 ./Drivers/STM32F4xx_HAL_Driver/stm32f4xx_hal_i2c.o
 .text.I2C_WaitOnMasterAddressFlagUntilTimeout
                0x0800354c      0x140 ./Drivers/STM32F4xx_HAL_Driver/stm32f4xx_hal_i2c.o
 .text.I2C_WaitOnTXEFlagUntilTimeout
                0x0800368c       0x90 ./Drivers/STM32F4xx_HAL_Driver/stm32f4xx_hal_i2c.o
 .text.I2C_WaitOnBTFFlagUntilTimeout
                0x0800371c       0x90 ./Drivers/STM32F4xx_HAL_Driver/stm32f4xx_hal_i2c.o
 .text.I2C_WaitOnRXNEFlagUntilTimeout
                0x080037ac       0xba ./Drivers/STM32F4xx_HAL_Driver/stm32f4xx_hal_i2c.o
 .text.I2C_IsAcknowledgeFailed
                0x08003866       0x5e ./Drivers/STM32F4xx_HAL_Driver/stm32f4xx_hal_i2c.o
 .text.HAL_PCD_Init
                0x080038c4      0x21e ./Drivers/STM32F4xx_HAL_Driver/stm32f4xx_hal_pcd.o
                0x080038c4                HAL_PCD_Init
 .text.HAL_PCD_Start
                0x08003ae2       0x6a ./Drivers/STM32F4xx_HAL_Driver/stm32f4xx_hal_pcd.o
                0x08003ae2                HAL_PCD_Start
 .text.HAL_PCD_IRQHandler
                0x08003b4c      0x942 ./Drivers/STM32F4xx_HAL_Driver/stm32f4xx_hal_pcd.o
                0x08003b4c                HAL_PCD_IRQHandler
 .text.HAL_PCD_SetAddress
                0x0800448e       0x48 ./Drivers/STM32F4xx_HAL_Driver/stm32f4xx_hal_pcd.o
                0x0800448e                HAL_PCD_SetAddress
 .text.HAL_PCD_EP_Open
                0x080044d6       0xd4 ./Drivers/STM32F4xx_HAL_Driver/stm32f4xx_hal_pcd.o
                0x080044d6                HAL_PCD_EP_Open
 .text.HAL_PCD_EP_Close
                0x080045aa       0x94 ./Drivers/STM32F4xx_HAL_Driver/stm32f4xx_hal_pcd.o
                0x080045aa                HAL_PCD_EP_Close
 .text.HAL_PCD_EP_Receive
                0x0800463e       0x76 ./Drivers/STM32F4xx_HAL_Driver/stm32f4xx_hal_pcd.o
                0x0800463e                HAL_PCD_EP_Receive
 .text.HAL_PCD_EP_GetRxCount
                0x080046b4       0x30 ./Drivers/STM32F4xx_HAL_Driver/stm32f4xx_hal_pcd.o
                0x080046b4                HAL_PCD_EP_GetRxCount
 .text.HAL_PCD_EP_Transmit
                0x080046e4       0x74 ./Drivers/STM32F4xx_HAL_Driver/stm32f4xx_hal_pcd.o
                0x080046e4                HAL_PCD_EP_Transmit
 .text.HAL_PCD_EP_SetStall
                0x08004758       0xc6 ./Drivers/STM32F4xx_HAL_Driver/stm32f4xx_hal_pcd.o
                0x08004758                HAL_PCD_EP_SetStall
 .text.HAL_PCD_EP_ClrStall
                0x0800481e       0xac ./Drivers/STM32F4xx_HAL_Driver/stm32f4xx_hal_pcd.o
                0x0800481e                HAL_PCD_EP_ClrStall
 .text.HAL_PCD_EP_Abort
                0x080048ca       0x62 ./Drivers/STM32F4xx_HAL_Driver/stm32f4xx_hal_pcd.o
                0x080048ca                HAL_PCD_EP_Abort
 .text.PCD_WriteEmptyTxFifo
                0x0800492c      0x118 ./Drivers/STM32F4xx_HAL_Driver/stm32f4xx_hal_pcd.o
 .text.PCD_EP_OutXfrComplete_int
                0x08004a44      0x1d0 ./Drivers/STM32F4xx_HAL_Driver/stm32f4xx_hal_pcd.o
 .text.PCD_EP_OutSetupPacket_int
                0x08004c14       0x8c ./Drivers/STM32F4xx_HAL_Driver/stm32f4xx_hal_pcd.o
 .text.HAL_PCDEx_SetTxFiFo
                0x08004ca0       0x8e ./Drivers/STM32F4xx_HAL_Driver/stm32f4xx_hal_pcd_ex.o
                0x08004ca0                HAL_PCDEx_SetTxFiFo
 .text.HAL_PCDEx_SetRxFiFo
                0x08004d2e       0x22 ./Drivers/STM32F4xx_HAL_Driver/stm32f4xx_hal_pcd_ex.o
                0x08004d2e                HAL_PCDEx_SetRxFiFo
 .text.HAL_PCDEx_LPM_Callback
                0x08004d50       0x18 ./Drivers/STM32F4xx_HAL_Driver/stm32f4xx_hal_pcd_ex.o
                0x08004d50                HAL_PCDEx_LPM_Callback
 .text.HAL_RCC_OscConfig
                0x08004d68      0x4f0 ./Drivers/STM32F4xx_HAL_Driver/stm32f4xx_hal_rcc.o
                0x08004d68                HAL_RCC_OscConfig
 .text.HAL_RCC_ClockConfig
                0x08005258      0x1cc ./Drivers/STM32F4xx_HAL_Driver/stm32f4xx_hal_rcc.o
                0x08005258                HAL_RCC_ClockConfig
 .text.HAL_RCC_GetSysClockFreq
                0x08005424      0x20c ./Drivers/STM32F4xx_HAL_Driver/stm32f4xx_hal_rcc.o
                0x08005424                HAL_RCC_GetSysClockFreq
 .text.HAL_RCC_GetHCLKFreq
                0x08005630       0x18 ./Drivers/STM32F4xx_HAL_Driver/stm32f4xx_hal_rcc.o
                0x08005630                HAL_RCC_GetHCLKFreq
 .text.HAL_RCC_GetPCLK1Freq
                0x08005648       0x28 ./Drivers/STM32F4xx_HAL_Driver/stm32f4xx_hal_rcc.o
                0x08005648                HAL_RCC_GetPCLK1Freq
 .text.USB_CoreInit
                0x08005670       0xc8 ./Drivers/STM32F4xx_HAL_Driver/stm32f4xx_ll_usb.o
                0x08005670                USB_CoreInit
 .text.USB_SetTurnaroundTime
                0x08005738      0x144 ./Drivers/STM32F4xx_HAL_Driver/stm32f4xx_ll_usb.o
                0x08005738                USB_SetTurnaroundTime
 .text.USB_EnableGlobalInt
                0x0800587c       0x22 ./Drivers/STM32F4xx_HAL_Driver/stm32f4xx_ll_usb.o
                0x0800587c                USB_EnableGlobalInt
 .text.USB_DisableGlobalInt
                0x0800589e       0x22 ./Drivers/STM32F4xx_HAL_Driver/stm32f4xx_ll_usb.o
                0x0800589e                USB_DisableGlobalInt
 .text.USB_SetCurrentMode
                0x080058c0       0x98 ./Drivers/STM32F4xx_HAL_Driver/stm32f4xx_ll_usb.o
                0x080058c0                USB_SetCurrentMode
 .text.USB_DevInit
                0x08005958      0x2c8 ./Drivers/STM32F4xx_HAL_Driver/stm32f4xx_ll_usb.o
                0x08005958                USB_DevInit
 .text.USB_FlushTxFifo
                0x08005c20       0x64 ./Drivers/STM32F4xx_HAL_Driver/stm32f4xx_ll_usb.o
                0x08005c20                USB_FlushTxFifo
 .text.USB_FlushRxFifo
                0x08005c84       0x5c ./Drivers/STM32F4xx_HAL_Driver/stm32f4xx_ll_usb.o
                0x08005c84                USB_FlushRxFifo
 .text.USB_SetDevSpeed
                0x08005ce0       0x32 ./Drivers/STM32F4xx_HAL_Driver/stm32f4xx_ll_usb.o
                0x08005ce0                USB_SetDevSpeed
 .text.USB_GetDevSpeed
                0x08005d12       0x4a ./Drivers/STM32F4xx_HAL_Driver/stm32f4xx_ll_usb.o
                0x08005d12                USB_GetDevSpeed
 .text.USB_ActivateEndpoint
                0x08005d5c      0x10e ./Drivers/STM32F4xx_HAL_Driver/stm32f4xx_ll_usb.o
                0x08005d5c                USB_ActivateEndpoint
 *fill*         0x08005e6a        0x2 
 .text.USB_DeactivateEndpoint
                0x08005e6c      0x1b8 ./Drivers/STM32F4xx_HAL_Driver/stm32f4xx_ll_usb.o
                0x08005e6c                USB_DeactivateEndpoint
 .text.USB_EPStartXfer
                0x08006024      0x53c ./Drivers/STM32F4xx_HAL_Driver/stm32f4xx_ll_usb.o
                0x08006024                USB_EPStartXfer
 .text.USB_EPStopXfer
                0x08006560      0x154 ./Drivers/STM32F4xx_HAL_Driver/stm32f4xx_ll_usb.o
                0x08006560                USB_EPStopXfer
 .text.USB_WritePacket
                0x080066b4       0x7c ./Drivers/STM32F4xx_HAL_Driver/stm32f4xx_ll_usb.o
                0x080066b4                USB_WritePacket
 .text.USB_ReadPacket
                0x08006730       0xb0 ./Drivers/STM32F4xx_HAL_Driver/stm32f4xx_ll_usb.o
                0x08006730                USB_ReadPacket
 .text.USB_EPSetStall
                0x080067e0       0xdc ./Drivers/STM32F4xx_HAL_Driver/stm32f4xx_ll_usb.o
                0x080067e0                USB_EPSetStall
 .text.USB_EPClearStall
                0x080068bc       0xcc ./Drivers/STM32F4xx_HAL_Driver/stm32f4xx_ll_usb.o
                0x080068bc                USB_EPClearStall
 .text.USB_SetDevAddress
                0x08006988       0x4c ./Drivers/STM32F4xx_HAL_Driver/stm32f4xx_ll_usb.o
                0x08006988                USB_SetDevAddress
 .text.USB_DevConnect
                0x080069d4       0x42 ./Drivers/STM32F4xx_HAL_Driver/stm32f4xx_ll_usb.o
                0x080069d4                USB_DevConnect
 .text.USB_DevDisconnect
                0x08006a16       0x42 ./Drivers/STM32F4xx_HAL_Driver/stm32f4xx_ll_usb.o
                0x08006a16                USB_DevDisconnect
 .text.USB_ReadInterrupts
                0x08006a58       0x26 ./Drivers/STM32F4xx_HAL_Driver/stm32f4xx_ll_usb.o
                0x08006a58                USB_ReadInterrupts
 .text.USB_ReadDevAllOutEpInterrupt
                0x08006a7e       0x34 ./Drivers/STM32F4xx_HAL_Driver/stm32f4xx_ll_usb.o
                0x08006a7e                USB_ReadDevAllOutEpInterrupt
 .text.USB_ReadDevAllInEpInterrupt
                0x08006ab2       0x34 ./Drivers/STM32F4xx_HAL_Driver/stm32f4xx_ll_usb.o
                0x08006ab2                USB_ReadDevAllInEpInterrupt
 .text.USB_ReadDevOutEPInterrupt
                0x08006ae6       0x3c ./Drivers/STM32F4xx_HAL_Driver/stm32f4xx_ll_usb.o
                0x08006ae6                USB_ReadDevOutEPInterrupt
 .text.USB_ReadDevInEPInterrupt
                0x08006b22       0x5c ./Drivers/STM32F4xx_HAL_Driver/stm32f4xx_ll_usb.o
                0x08006b22                USB_ReadDevInEPInterrupt
 .text.USB_GetMode
                0x08006b7e       0x1c ./Drivers/STM32F4xx_HAL_Driver/stm32f4xx_ll_usb.o
                0x08006b7e                USB_GetMode
 .text.USB_ActivateSetup
                0x08006b9a       0x46 ./Drivers/STM32F4xx_HAL_Driver/stm32f4xx_ll_usb.o
                0x08006b9a                USB_ActivateSetup
 .text.USB_EP0_OutStart
                0x08006be0       0xbc ./Drivers/STM32F4xx_HAL_Driver/stm32f4xx_ll_usb.o
                0x08006be0                USB_EP0_OutStart
 .text.USB_CoreReset
                0x08006c9c       0x62 ./Drivers/STM32F4xx_HAL_Driver/stm32f4xx_ll_usb.o
 *fill*         0x08006cfe        0x2 
 .text.USBD_CDC_Init
                0x08006d00      0x1f0 ./Middlewares/USB_Device_Library/usbd_cdc.o
 .text.USBD_CDC_DeInit
                0x08006ef0      0x104 ./Middlewares/USB_Device_Library/usbd_cdc.o
 .text.USBD_CDC_Setup
                0x08006ff4      0x1b8 ./Middlewares/USB_Device_Library/usbd_cdc.o
 .text.USBD_CDC_DataIn
                0x080071ac       0xfe ./Middlewares/USB_Device_Library/usbd_cdc.o
 .text.USBD_CDC_DataOut
                0x080072aa       0x70 ./Middlewares/USB_Device_Library/usbd_cdc.o
 .text.USBD_CDC_EP0_RxReady
                0x0800731a       0x74 ./Middlewares/USB_Device_Library/usbd_cdc.o
 *fill*         0x0800738e        0x2 
 .text.USBD_CDC_GetFSCfgDesc
                0x08007390       0x70 ./Middlewares/USB_Device_Library/usbd_cdc.o
 .text.USBD_CDC_GetHSCfgDesc
                0x08007400       0x70 ./Middlewares/USB_Device_Library/usbd_cdc.o
 .text.USBD_CDC_GetOtherSpeedCfgDesc
                0x08007470       0x70 ./Middlewares/USB_Device_Library/usbd_cdc.o
 .text.USBD_CDC_GetDeviceQualifierDescriptor
                0x080074e0       0x20 ./Middlewares/USB_Device_Library/usbd_cdc.o
                0x080074e0                USBD_CDC_GetDeviceQualifierDescriptor
 .text.USBD_CDC_RegisterInterface
                0x08007500       0x34 ./Middlewares/USB_Device_Library/usbd_cdc.o
                0x08007500                USBD_CDC_RegisterInterface
 .text.USBD_CDC_SetTxBuffer
                0x08007534       0x44 ./Middlewares/USB_Device_Library/usbd_cdc.o
                0x08007534                USBD_CDC_SetTxBuffer
 .text.USBD_CDC_SetRxBuffer
                0x08007578       0x3a ./Middlewares/USB_Device_Library/usbd_cdc.o
                0x08007578                USBD_CDC_SetRxBuffer
 *fill*         0x080075b2        0x2 
 .text.USBD_CDC_TransmitPacket
                0x080075b4       0x80 ./Middlewares/USB_Device_Library/usbd_cdc.o
                0x080075b4                USBD_CDC_TransmitPacket
 .text.USBD_CDC_ReceivePacket
                0x08007634       0x6c ./Middlewares/USB_Device_Library/usbd_cdc.o
                0x08007634                USBD_CDC_ReceivePacket
 .text.USBD_Init
                0x080076a0       0x60 ./Middlewares/USB_Device_Library/usbd_core.o
                0x080076a0                USBD_Init
 .text.USBD_RegisterClass
                0x08007700       0x6c ./Middlewares/USB_Device_Library/usbd_core.o
                0x08007700                USBD_RegisterClass
 .text.USBD_Start
                0x0800776c       0x18 ./Middlewares/USB_Device_Library/usbd_core.o
                0x0800776c                USBD_Start
 .text.USBD_RunTestMode
                0x08007784       0x16 ./Middlewares/USB_Device_Library/usbd_core.o
                0x08007784                USBD_RunTestMode
 .text.USBD_SetClassConfig
                0x0800779a       0x38 ./Middlewares/USB_Device_Library/usbd_core.o
                0x0800779a                USBD_SetClassConfig
 .text.USBD_ClrClassConfig
                0x080077d2       0x34 ./Middlewares/USB_Device_Library/usbd_core.o
                0x080077d2                USBD_ClrClassConfig
 .text.USBD_LL_SetupStage
                0x08007806       0xaa ./Middlewares/USB_Device_Library/usbd_core.o
                0x08007806                USBD_LL_SetupStage
 .text.USBD_LL_DataOutStage
                0x080078b0      0x166 ./Middlewares/USB_Device_Library/usbd_core.o
                0x080078b0                USBD_LL_DataOutStage
 .text.USBD_LL_DataInStage
                0x08007a16      0x164 ./Middlewares/USB_Device_Library/usbd_core.o
                0x08007a16                USBD_LL_DataInStage
 .text.USBD_LL_Reset
                0x08007b7a       0xa4 ./Middlewares/USB_Device_Library/usbd_core.o
                0x08007b7a                USBD_LL_Reset
 .text.USBD_LL_SetSpeed
                0x08007c1e       0x20 ./Middlewares/USB_Device_Library/usbd_core.o
                0x08007c1e                USBD_LL_SetSpeed
 .text.USBD_LL_Suspend
                0x08007c3e       0x38 ./Middlewares/USB_Device_Library/usbd_core.o
                0x08007c3e                USBD_LL_Suspend
 .text.USBD_LL_Resume
                0x08007c76       0x30 ./Middlewares/USB_Device_Library/usbd_core.o
                0x08007c76                USBD_LL_Resume
 .text.USBD_LL_SOF
                0x08007ca6       0x40 ./Middlewares/USB_Device_Library/usbd_core.o
                0x08007ca6                USBD_LL_SOF
 .text.USBD_LL_IsoINIncomplete
                0x08007ce6       0x64 ./Middlewares/USB_Device_Library/usbd_core.o
                0x08007ce6                USBD_LL_IsoINIncomplete
 .text.USBD_LL_IsoOUTIncomplete
                0x08007d4a       0x64 ./Middlewares/USB_Device_Library/usbd_core.o
                0x08007d4a                USBD_LL_IsoOUTIncomplete
 .text.USBD_LL_DevConnected
                0x08007dae       0x16 ./Middlewares/USB_Device_Library/usbd_core.o
                0x08007dae                USBD_LL_DevConnected
 .text.USBD_LL_DevDisconnected
                0x08007dc4       0x46 ./Middlewares/USB_Device_Library/usbd_core.o
                0x08007dc4                USBD_LL_DevDisconnected
 .text.USBD_CoreFindIF
                0x08007e0a       0x1a ./Middlewares/USB_Device_Library/usbd_core.o
                0x08007e0a                USBD_CoreFindIF
 .text.USBD_CoreFindEP
                0x08007e24       0x1a ./Middlewares/USB_Device_Library/usbd_core.o
                0x08007e24                USBD_CoreFindEP
 .text.USBD_GetEpDesc
                0x08007e3e       0x70 ./Middlewares/USB_Device_Library/usbd_core.o
                0x08007e3e                USBD_GetEpDesc
 .text.USBD_GetNextDesc
                0x08007eae       0x38 ./Middlewares/USB_Device_Library/usbd_core.o
                0x08007eae                USBD_GetNextDesc
 .text.SWAPBYTE
                0x08007ee6       0x3c ./Middlewares/USB_Device_Library/usbd_ctlreq.o
 *fill*         0x08007f22        0x2 
 .text.USBD_StdDevReq
                0x08007f24       0xe4 ./Middlewares/USB_Device_Library/usbd_ctlreq.o
                0x08007f24                USBD_StdDevReq
 .text.USBD_StdItfReq
                0x08008008       0xd8 ./Middlewares/USB_Device_Library/usbd_ctlreq.o
                0x08008008                USBD_StdItfReq
 .text.USBD_StdEPReq
                0x080080e0      0x33a ./Middlewares/USB_Device_Library/usbd_ctlreq.o
                0x080080e0                USBD_StdEPReq
 *fill*         0x0800841a        0x2 
 .text.USBD_GetDescriptor
                0x0800841c      0x2d4 ./Middlewares/USB_Device_Library/usbd_ctlreq.o
 .text.USBD_SetAddress
                0x080086f0       0x88 ./Middlewares/USB_Device_Library/usbd_ctlreq.o
 .text.USBD_SetConfig
                0x08008778      0x154 ./Middlewares/USB_Device_Library/usbd_ctlreq.o
 .text.USBD_GetConfig
                0x080088cc       0x6c ./Middlewares/USB_Device_Library/usbd_ctlreq.o
 .text.USBD_GetStatus
                0x08008938       0x68 ./Middlewares/USB_Device_Library/usbd_ctlreq.o
 .text.USBD_SetFeature
                0x080089a0       0x52 ./Middlewares/USB_Device_Library/usbd_ctlreq.o
 .text.USBD_ClrFeature
                0x080089f2       0x44 ./Middlewares/USB_Device_Library/usbd_ctlreq.o
 .text.USBD_ParseSetupRequest
                0x08008a36       0x74 ./Middlewares/USB_Device_Library/usbd_ctlreq.o
                0x08008a36                USBD_ParseSetupRequest
 .text.USBD_CtlError
                0x08008aaa       0x22 ./Middlewares/USB_Device_Library/usbd_ctlreq.o
                0x08008aaa                USBD_CtlError
 .text.USBD_GetString
                0x08008acc       0xa4 ./Middlewares/USB_Device_Library/usbd_ctlreq.o
                0x08008acc                USBD_GetString
 .text.USBD_GetLen
                0x08008b70       0x34 ./Middlewares/USB_Device_Library/usbd_ctlreq.o
 .text.USBD_CtlSendData
                0x08008ba4       0x36 ./Middlewares/USB_Device_Library/usbd_ioreq.o
                0x08008ba4                USBD_CtlSendData
 .text.USBD_CtlContinueSendData
                0x08008bda       0x22 ./Middlewares/USB_Device_Library/usbd_ioreq.o
                0x08008bda                USBD_CtlContinueSendData
 .text.USBD_CtlPrepareRx
                0x08008bfc       0x3a ./Middlewares/USB_Device_Library/usbd_ioreq.o
                0x08008bfc                USBD_CtlPrepareRx
 .text.USBD_CtlContinueRx
                0x08008c36       0x22 ./Middlewares/USB_Device_Library/usbd_ioreq.o
                0x08008c36                USBD_CtlContinueRx
 .text.USBD_CtlSendStatus
                0x08008c58       0x26 ./Middlewares/USB_Device_Library/usbd_ioreq.o
                0x08008c58                USBD_CtlSendStatus
 .text.USBD_CtlReceiveStatus
                0x08008c7e       0x26 ./Middlewares/USB_Device_Library/usbd_ioreq.o
                0x08008c7e                USBD_CtlReceiveStatus
 .text.MX_USB_DEVICE_Init
                0x08008ca4       0x60 ./USB_DEVICE/App/usb_device.o
                0x08008ca4                MX_USB_DEVICE_Init
 .text.CDC_Init_FS
                0x08008d04       0x28 ./USB_DEVICE/App/usbd_cdc_if.o
 .text.CDC_DeInit_FS
                0x08008d2c       0x10 ./USB_DEVICE/App/usbd_cdc_if.o
 .text.CDC_Control_FS
                0x08008d3c       0xbc ./USB_DEVICE/App/usbd_cdc_if.o
 .text.CDC_Receive_FS
                0x08008df8       0x54 ./USB_DEVICE/App/usbd_cdc_if.o
 .text.CDC_Transmit_FS
                0x08008e4c       0x4c ./USB_DEVICE/App/usbd_cdc_if.o
                0x08008e4c                CDC_Transmit_FS
 .text.CDC_TransmitCplt_FS
                0x08008e98       0x22 ./USB_DEVICE/App/usbd_cdc_if.o
 *fill*         0x08008eba        0x2 
 .text.USBD_FS_DeviceDescriptor
                0x08008ebc       0x24 ./USB_DEVICE/App/usbd_desc.o
                0x08008ebc                USBD_FS_DeviceDescriptor
 .text.USBD_FS_LangIDStrDescriptor
                0x08008ee0       0x24 ./USB_DEVICE/App/usbd_desc.o
                0x08008ee0                USBD_FS_LangIDStrDescriptor
 .text.USBD_FS_ProductStrDescriptor
                0x08008f04       0x3c ./USB_DEVICE/App/usbd_desc.o
                0x08008f04                USBD_FS_ProductStrDescriptor
 .text.USBD_FS_ManufacturerStrDescriptor
                0x08008f40       0x28 ./USB_DEVICE/App/usbd_desc.o
                0x08008f40                USBD_FS_ManufacturerStrDescriptor
 .text.USBD_FS_SerialStrDescriptor
                0x08008f68       0x24 ./USB_DEVICE/App/usbd_desc.o
                0x08008f68                USBD_FS_SerialStrDescriptor
 .text.USBD_FS_ConfigStrDescriptor
                0x08008f8c       0x3c ./USB_DEVICE/App/usbd_desc.o
                0x08008f8c                USBD_FS_ConfigStrDescriptor
 .text.USBD_FS_InterfaceStrDescriptor
                0x08008fc8       0x3c ./USB_DEVICE/App/usbd_desc.o
                0x08008fc8                USBD_FS_InterfaceStrDescriptor
 .text.Get_SerialNum
                0x08009004       0x58 ./USB_DEVICE/App/usbd_desc.o
 .text.IntToUnicode
                0x0800905c       0x7e ./USB_DEVICE/App/usbd_desc.o
 *fill*         0x080090da        0x2 
 .text.HAL_PCD_MspInit
                0x080090dc       0xc4 ./USB_DEVICE/Target/usbd_conf.o
                0x080090dc                HAL_PCD_MspInit
 .text.HAL_PCD_SetupStageCallback
                0x080091a0       0x24 ./USB_DEVICE/Target/usbd_conf.o
                0x080091a0                HAL_PCD_SetupStageCallback
 .text.HAL_PCD_DataOutStageCallback
                0x080091c4       0x36 ./USB_DEVICE/Target/usbd_conf.o
                0x080091c4                HAL_PCD_DataOutStageCallback
 .text.HAL_PCD_DataInStageCallback
                0x080091fa       0x34 ./USB_DEVICE/Target/usbd_conf.o
                0x080091fa                HAL_PCD_DataInStageCallback
 .text.HAL_PCD_SOFCallback
                0x0800922e       0x1c ./USB_DEVICE/Target/usbd_conf.o
                0x0800922e                HAL_PCD_SOFCallback
 .text.HAL_PCD_ResetCallback
                0x0800924a       0x50 ./USB_DEVICE/Target/usbd_conf.o
                0x0800924a                HAL_PCD_ResetCallback
 *fill*         0x0800929a        0x2 
 .text.HAL_PCD_SuspendCallback
                0x0800929c       0x4c ./USB_DEVICE/Target/usbd_conf.o
                0x0800929c                HAL_PCD_SuspendCallback
 .text.HAL_PCD_ResumeCallback
                0x080092e8       0x1c ./USB_DEVICE/Target/usbd_conf.o
                0x080092e8                HAL_PCD_ResumeCallback
 .text.HAL_PCD_ISOOUTIncompleteCallback
                0x08009304       0x24 ./USB_DEVICE/Target/usbd_conf.o
                0x08009304                HAL_PCD_ISOOUTIncompleteCallback
 .text.HAL_PCD_ISOINIncompleteCallback
                0x08009328       0x24 ./USB_DEVICE/Target/usbd_conf.o
                0x08009328                HAL_PCD_ISOINIncompleteCallback
 .text.HAL_PCD_ConnectCallback
                0x0800934c       0x1c ./USB_DEVICE/Target/usbd_conf.o
                0x0800934c                HAL_PCD_ConnectCallback
 .text.HAL_PCD_DisconnectCallback
                0x08009368       0x1c ./USB_DEVICE/Target/usbd_conf.o
                0x08009368                HAL_PCD_DisconnectCallback
 .text.USBD_LL_Init
                0x08009384       0x98 ./USB_DEVICE/Target/usbd_conf.o
                0x08009384                USBD_LL_Init
 .text.USBD_LL_Start
                0x0800941c       0x36 ./USB_DEVICE/Target/usbd_conf.o
                0x0800941c                USBD_LL_Start
 .text.USBD_LL_OpenEP
                0x08009452       0x4c ./USB_DEVICE/Target/usbd_conf.o
                0x08009452                USBD_LL_OpenEP
 .text.USBD_LL_CloseEP
                0x0800949e       0x3e ./USB_DEVICE/Target/usbd_conf.o
                0x0800949e                USBD_LL_CloseEP
 .text.USBD_LL_StallEP
                0x080094dc       0x3e ./USB_DEVICE/Target/usbd_conf.o
                0x080094dc                USBD_LL_StallEP
 .text.USBD_LL_ClearStallEP
                0x0800951a       0x3e ./USB_DEVICE/Target/usbd_conf.o
                0x0800951a                USBD_LL_ClearStallEP
 .text.USBD_LL_IsStallEP
                0x08009558       0x58 ./USB_DEVICE/Target/usbd_conf.o
                0x08009558                USBD_LL_IsStallEP
 .text.USBD_LL_SetUSBAddress
                0x080095b0       0x3e ./USB_DEVICE/Target/usbd_conf.o
                0x080095b0                USBD_LL_SetUSBAddress
 .text.USBD_LL_Transmit
                0x080095ee       0x42 ./USB_DEVICE/Target/usbd_conf.o
                0x080095ee                USBD_LL_Transmit
 .text.USBD_LL_PrepareReceive
                0x08009630       0x42 ./USB_DEVICE/Target/usbd_conf.o
                0x08009630                USBD_LL_PrepareReceive
 .text.USBD_LL_GetRxDataSize
                0x08009672       0x26 ./USB_DEVICE/Target/usbd_conf.o
                0x08009672                USBD_LL_GetRxDataSize
 .text.USBD_static_malloc
                0x08009698       0x1c ./USB_DEVICE/Target/usbd_conf.o
                0x08009698                USBD_static_malloc
 .text.USBD_static_free
                0x080096b4       0x14 ./USB_DEVICE/Target/usbd_conf.o
                0x080096b4                USBD_static_free
 .text.USBD_Get_USB_Status
                0x080096c8       0x58 ./USB_DEVICE/Target/usbd_conf.o
                0x080096c8                USBD_Get_USB_Status
 .text.__cvt    0x08009720       0xca C:/ST/STM32CubeIDE_1.16.0/STM32CubeIDE/plugins/com.st.stm32cube.ide.mcu.externaltools.gnu-tools-for-stm32.12.3.rel1.win32_1.0.200.202406191623/tools/bin/../lib/gcc/arm-none-eabi/12.3.1/../../../../arm-none-eabi/lib/thumb/v7e-m+fp/hard\libc_nano.a(libc_a-nano-vfprintf_float.o)
                0x08009720                __cvt
 .text.__exponent
                0x080097ea       0x74 C:/ST/STM32CubeIDE_1.16.0/STM32CubeIDE/plugins/com.st.stm32cube.ide.mcu.externaltools.gnu-tools-for-stm32.12.3.rel1.win32_1.0.200.202406191623/tools/bin/../lib/gcc/arm-none-eabi/12.3.1/../../../../arm-none-eabi/lib/thumb/v7e-m+fp/hard\libc_nano.a(libc_a-nano-vfprintf_float.o)
                0x080097ea                __exponent
 *fill*         0x0800985e        0x2 
 .text._printf_float
                0x08009860      0x454 C:/ST/STM32CubeIDE_1.16.0/STM32CubeIDE/plugins/com.st.stm32cube.ide.mcu.externaltools.gnu-tools-for-stm32.12.3.rel1.win32_1.0.200.202406191623/tools/bin/../lib/gcc/arm-none-eabi/12.3.1/../../../../arm-none-eabi/lib/thumb/v7e-m+fp/hard\libc_nano.a(libc_a-nano-vfprintf_float.o)
                0x08009860                _printf_float
 .text._printf_common
                0x08009cb4       0xda C:/ST/STM32CubeIDE_1.16.0/STM32CubeIDE/plugins/com.st.stm32cube.ide.mcu.externaltools.gnu-tools-for-stm32.12.3.rel1.win32_1.0.200.202406191623/tools/bin/../lib/gcc/arm-none-eabi/12.3.1/../../../../arm-none-eabi/lib/thumb/v7e-m+fp/hard\libc_nano.a(libc_a-nano-vfprintf_i.o)
                0x08009cb4                _printf_common
 *fill*         0x08009d8e        0x2 
 .text._printf_i
                0x08009d90      0x240 C:/ST/STM32CubeIDE_1.16.0/STM32CubeIDE/plugins/com.st.stm32cube.ide.mcu.externaltools.gnu-tools-for-stm32.12.3.rel1.win32_1.0.200.202406191623/tools/bin/../lib/gcc/arm-none-eabi/12.3.1/../../../../arm-none-eabi/lib/thumb/v7e-m+fp/hard\libc_nano.a(libc_a-nano-vfprintf_i.o)
                0x08009d90                _printf_i
 .text.std      0x08009fd0       0x6c C:/ST/STM32CubeIDE_1.16.0/STM32CubeIDE/plugins/com.st.stm32cube.ide.mcu.externaltools.gnu-tools-for-stm32.12.3.rel1.win32_1.0.200.202406191623/tools/bin/../lib/gcc/arm-none-eabi/12.3.1/../../../../arm-none-eabi/lib/thumb/v7e-m+fp/hard\libc_nano.a(libc_a-findfp.o)
 .text.stdio_exit_handler
                0x0800a03c       0x18 C:/ST/STM32CubeIDE_1.16.0/STM32CubeIDE/plugins/com.st.stm32cube.ide.mcu.externaltools.gnu-tools-for-stm32.12.3.rel1.win32_1.0.200.202406191623/tools/bin/../lib/gcc/arm-none-eabi/12.3.1/../../../../arm-none-eabi/lib/thumb/v7e-m+fp/hard\libc_nano.a(libc_a-findfp.o)
 .text.cleanup_stdio
                0x0800a054       0x40 C:/ST/STM32CubeIDE_1.16.0/STM32CubeIDE/plugins/com.st.stm32cube.ide.mcu.externaltools.gnu-tools-for-stm32.12.3.rel1.win32_1.0.200.202406191623/tools/bin/../lib/gcc/arm-none-eabi/12.3.1/../../../../arm-none-eabi/lib/thumb/v7e-m+fp/hard\libc_nano.a(libc_a-findfp.o)
 .text.global_stdio_init.part.0
                0x0800a094       0x3c C:/ST/STM32CubeIDE_1.16.0/STM32CubeIDE/plugins/com.st.stm32cube.ide.mcu.externaltools.gnu-tools-for-stm32.12.3.rel1.win32_1.0.200.202406191623/tools/bin/../lib/gcc/arm-none-eabi/12.3.1/../../../../arm-none-eabi/lib/thumb/v7e-m+fp/hard\libc_nano.a(libc_a-findfp.o)
 .text.__sfp_lock_acquire
                0x0800a0d0        0xc C:/ST/STM32CubeIDE_1.16.0/STM32CubeIDE/plugins/com.st.stm32cube.ide.mcu.externaltools.gnu-tools-for-stm32.12.3.rel1.win32_1.0.200.202406191623/tools/bin/../lib/gcc/arm-none-eabi/12.3.1/../../../../arm-none-eabi/lib/thumb/v7e-m+fp/hard\libc_nano.a(libc_a-findfp.o)
                0x0800a0d0                __sfp_lock_acquire
 .text.__sfp_lock_release
                0x0800a0dc        0xc C:/ST/STM32CubeIDE_1.16.0/STM32CubeIDE/plugins/com.st.stm32cube.ide.mcu.externaltools.gnu-tools-for-stm32.12.3.rel1.win32_1.0.200.202406191623/tools/bin/../lib/gcc/arm-none-eabi/12.3.1/../../../../arm-none-eabi/lib/thumb/v7e-m+fp/hard\libc_nano.a(libc_a-findfp.o)
                0x0800a0dc                __sfp_lock_release
 .text.__sinit  0x0800a0e8       0x30 C:/ST/STM32CubeIDE_1.16.0/STM32CubeIDE/plugins/com.st.stm32cube.ide.mcu.externaltools.gnu-tools-for-stm32.12.3.rel1.win32_1.0.200.202406191623/tools/bin/../lib/gcc/arm-none-eabi/12.3.1/../../../../arm-none-eabi/lib/thumb/v7e-m+fp/hard\libc_nano.a(libc_a-findfp.o)
                0x0800a0e8                __sinit
 .text._fwalk_sglue
                0x0800a118       0x3c C:/ST/STM32CubeIDE_1.16.0/STM32CubeIDE/plugins/com.st.stm32cube.ide.mcu.externaltools.gnu-tools-for-stm32.12.3.rel1.win32_1.0.200.202406191623/tools/bin/../lib/gcc/arm-none-eabi/12.3.1/../../../../arm-none-eabi/lib/thumb/v7e-m+fp/hard\libc_nano.a(libc_a-fwalk.o)
                0x0800a118                _fwalk_sglue
 .text.snprintf
                0x0800a154       0x68 C:/ST/STM32CubeIDE_1.16.0/STM32CubeIDE/plugins/com.st.stm32cube.ide.mcu.externaltools.gnu-tools-for-stm32.12.3.rel1.win32_1.0.200.202406191623/tools/bin/../lib/gcc/arm-none-eabi/12.3.1/../../../../arm-none-eabi/lib/thumb/v7e-m+fp/hard\libc_nano.a(libc_a-snprintf.o)
                0x0800a154                sniprintf
                0x0800a154                snprintf
 .text.__sread  0x0800a1bc       0x22 C:/ST/STM32CubeIDE_1.16.0/STM32CubeIDE/plugins/com.st.stm32cube.ide.mcu.externaltools.gnu-tools-for-stm32.12.3.rel1.win32_1.0.200.202406191623/tools/bin/../lib/gcc/arm-none-eabi/12.3.1/../../../../arm-none-eabi/lib/thumb/v7e-m+fp/hard\libc_nano.a(libc_a-stdio.o)
                0x0800a1bc                __sread
 .text.__swrite
                0x0800a1de       0x38 C:/ST/STM32CubeIDE_1.16.0/STM32CubeIDE/plugins/com.st.stm32cube.ide.mcu.externaltools.gnu-tools-for-stm32.12.3.rel1.win32_1.0.200.202406191623/tools/bin/../lib/gcc/arm-none-eabi/12.3.1/../../../../arm-none-eabi/lib/thumb/v7e-m+fp/hard\libc_nano.a(libc_a-stdio.o)
                0x0800a1de                __swrite
 .text.__sseek  0x0800a216       0x24 C:/ST/STM32CubeIDE_1.16.0/STM32CubeIDE/plugins/com.st.stm32cube.ide.mcu.externaltools.gnu-tools-for-stm32.12.3.rel1.win32_1.0.200.202406191623/tools/bin/../lib/gcc/arm-none-eabi/12.3.1/../../../../arm-none-eabi/lib/thumb/v7e-m+fp/hard\libc_nano.a(libc_a-stdio.o)
                0x0800a216                __sseek
 .text.__sclose
                0x0800a23a        0x8 C:/ST/STM32CubeIDE_1.16.0/STM32CubeIDE/plugins/com.st.stm32cube.ide.mcu.externaltools.gnu-tools-for-stm32.12.3.rel1.win32_1.0.200.202406191623/tools/bin/../lib/gcc/arm-none-eabi/12.3.1/../../../../arm-none-eabi/lib/thumb/v7e-m+fp/hard\libc_nano.a(libc_a-stdio.o)
                0x0800a23a                __sclose
 .text.memset   0x0800a242       0x10 C:/ST/STM32CubeIDE_1.16.0/STM32CubeIDE/plugins/com.st.stm32cube.ide.mcu.externaltools.gnu-tools-for-stm32.12.3.rel1.win32_1.0.200.202406191623/tools/bin/../lib/gcc/arm-none-eabi/12.3.1/../../../../arm-none-eabi/lib/thumb/v7e-m+fp/hard\libc_nano.a(libc_a-memset.o)
                0x0800a242                memset
 .text.strncmp  0x0800a252       0x24 C:/ST/STM32CubeIDE_1.16.0/STM32CubeIDE/plugins/com.st.stm32cube.ide.mcu.externaltools.gnu-tools-for-stm32.12.3.rel1.win32_1.0.200.202406191623/tools/bin/../lib/gcc/arm-none-eabi/12.3.1/../../../../arm-none-eabi/lib/thumb/v7e-m+fp/hard\libc_nano.a(libc_a-strncmp.o)
                0x0800a252                strncmp
 *fill*         0x0800a276        0x2 
 .text._localeconv_r
                0x0800a278        0x8 C:/ST/STM32CubeIDE_1.16.0/STM32CubeIDE/plugins/com.st.stm32cube.ide.mcu.externaltools.gnu-tools-for-stm32.12.3.rel1.win32_1.0.200.202406191623/tools/bin/../lib/gcc/arm-none-eabi/12.3.1/../../../../arm-none-eabi/lib/thumb/v7e-m+fp/hard\libc_nano.a(libc_a-localeconv.o)
                0x0800a278                _localeconv_r
 .text._close_r
                0x0800a280       0x20 C:/ST/STM32CubeIDE_1.16.0/STM32CubeIDE/plugins/com.st.stm32cube.ide.mcu.externaltools.gnu-tools-for-stm32.12.3.rel1.win32_1.0.200.202406191623/tools/bin/../lib/gcc/arm-none-eabi/12.3.1/../../../../arm-none-eabi/lib/thumb/v7e-m+fp/hard\libc_nano.a(libc_a-closer.o)
                0x0800a280                _close_r
 .text._lseek_r
                0x0800a2a0       0x24 C:/ST/STM32CubeIDE_1.16.0/STM32CubeIDE/plugins/com.st.stm32cube.ide.mcu.externaltools.gnu-tools-for-stm32.12.3.rel1.win32_1.0.200.202406191623/tools/bin/../lib/gcc/arm-none-eabi/12.3.1/../../../../arm-none-eabi/lib/thumb/v7e-m+fp/hard\libc_nano.a(libc_a-lseekr.o)
                0x0800a2a0                _lseek_r
 .text._read_r  0x0800a2c4       0x24 C:/ST/STM32CubeIDE_1.16.0/STM32CubeIDE/plugins/com.st.stm32cube.ide.mcu.externaltools.gnu-tools-for-stm32.12.3.rel1.win32_1.0.200.202406191623/tools/bin/../lib/gcc/arm-none-eabi/12.3.1/../../../../arm-none-eabi/lib/thumb/v7e-m+fp/hard\libc_nano.a(libc_a-readr.o)
                0x0800a2c4                _read_r
 .text._write_r
                0x0800a2e8       0x24 C:/ST/STM32CubeIDE_1.16.0/STM32CubeIDE/plugins/com.st.stm32cube.ide.mcu.externaltools.gnu-tools-for-stm32.12.3.rel1.win32_1.0.200.202406191623/tools/bin/../lib/gcc/arm-none-eabi/12.3.1/../../../../arm-none-eabi/lib/thumb/v7e-m+fp/hard\libc_nano.a(libc_a-writer.o)
                0x0800a2e8                _write_r
 .text.__errno  0x0800a30c        0xc C:/ST/STM32CubeIDE_1.16.0/STM32CubeIDE/plugins/com.st.stm32cube.ide.mcu.externaltools.gnu-tools-for-stm32.12.3.rel1.win32_1.0.200.202406191623/tools/bin/../lib/gcc/arm-none-eabi/12.3.1/../../../../arm-none-eabi/lib/thumb/v7e-m+fp/hard\libc_nano.a(libc_a-errno.o)
                0x0800a30c                __errno
 .text.__libc_init_array
                0x0800a318       0x48 C:/ST/STM32CubeIDE_1.16.0/STM32CubeIDE/plugins/com.st.stm32cube.ide.mcu.externaltools.gnu-tools-for-stm32.12.3.rel1.win32_1.0.200.202406191623/tools/bin/../lib/gcc/arm-none-eabi/12.3.1/../../../../arm-none-eabi/lib/thumb/v7e-m+fp/hard\libc_nano.a(libc_a-init.o)
                0x0800a318                __libc_init_array
 .text.__retarget_lock_init_recursive
                0x0800a360        0x2 C:/ST/STM32CubeIDE_1.16.0/STM32CubeIDE/plugins/com.st.stm32cube.ide.mcu.externaltools.gnu-tools-for-stm32.12.3.rel1.win32_1.0.200.202406191623/tools/bin/../lib/gcc/arm-none-eabi/12.3.1/../../../../arm-none-eabi/lib/thumb/v7e-m+fp/hard\libc_nano.a(libc_a-lock.o)
                0x0800a360                __retarget_lock_init_recursive
 .text.__retarget_lock_acquire_recursive
                0x0800a362        0x2 C:/ST/STM32CubeIDE_1.16.0/STM32CubeIDE/plugins/com.st.stm32cube.ide.mcu.externaltools.gnu-tools-for-stm32.12.3.rel1.win32_1.0.200.202406191623/tools/bin/../lib/gcc/arm-none-eabi/12.3.1/../../../../arm-none-eabi/lib/thumb/v7e-m+fp/hard\libc_nano.a(libc_a-lock.o)
                0x0800a362                __retarget_lock_acquire_recursive
 .text.__retarget_lock_release_recursive
                0x0800a364        0x2 C:/ST/STM32CubeIDE_1.16.0/STM32CubeIDE/plugins/com.st.stm32cube.ide.mcu.externaltools.gnu-tools-for-stm32.12.3.rel1.win32_1.0.200.202406191623/tools/bin/../lib/gcc/arm-none-eabi/12.3.1/../../../../arm-none-eabi/lib/thumb/v7e-m+fp/hard\libc_nano.a(libc_a-lock.o)
                0x0800a364                __retarget_lock_release_recursive
 .text.memcpy   0x0800a366       0x1c C:/ST/STM32CubeIDE_1.16.0/STM32CubeIDE/plugins/com.st.stm32cube.ide.mcu.externaltools.gnu-tools-for-stm32.12.3.rel1.win32_1.0.200.202406191623/tools/bin/../lib/gcc/arm-none-eabi/12.3.1/../../../../arm-none-eabi/lib/thumb/v7e-m+fp/hard\libc_nano.a(libc_a-memcpy-stub.o)
                0x0800a366                memcpy
 .text.quorem   0x0800a382      0x110 C:/ST/STM32CubeIDE_1.16.0/STM32CubeIDE/plugins/com.st.stm32cube.ide.mcu.externaltools.gnu-tools-for-stm32.12.3.rel1.win32_1.0.200.202406191623/tools/bin/../lib/gcc/arm-none-eabi/12.3.1/../../../../arm-none-eabi/lib/thumb/v7e-m+fp/hard\libc_nano.a(libc_a-dtoa.o)
 *fill*         0x0800a492        0x6 
 .text._dtoa_r  0x0800a498      0xb88 C:/ST/STM32CubeIDE_1.16.0/STM32CubeIDE/plugins/com.st.stm32cube.ide.mcu.externaltools.gnu-tools-for-stm32.12.3.rel1.win32_1.0.200.202406191623/tools/bin/../lib/gcc/arm-none-eabi/12.3.1/../../../../arm-none-eabi/lib/thumb/v7e-m+fp/hard\libc_nano.a(libc_a-dtoa.o)
                0x0800a498                _dtoa_r
 .text._free_r  0x0800b020       0x94 C:/ST/STM32CubeIDE_1.16.0/STM32CubeIDE/plugins/com.st.stm32cube.ide.mcu.externaltools.gnu-tools-for-stm32.12.3.rel1.win32_1.0.200.202406191623/tools/bin/../lib/gcc/arm-none-eabi/12.3.1/../../../../arm-none-eabi/lib/thumb/v7e-m+fp/hard\libc_nano.a(libc_a-freer.o)
                0x0800b020                _free_r
 .text.malloc   0x0800b0b4       0x10 C:/ST/STM32CubeIDE_1.16.0/STM32CubeIDE/plugins/com.st.stm32cube.ide.mcu.externaltools.gnu-tools-for-stm32.12.3.rel1.win32_1.0.200.202406191623/tools/bin/../lib/gcc/arm-none-eabi/12.3.1/../../../../arm-none-eabi/lib/thumb/v7e-m+fp/hard\libc_nano.a(libc_a-malloc.o)
                0x0800b0b4                malloc
 .text.sbrk_aligned
                0x0800b0c4       0x44 C:/ST/STM32CubeIDE_1.16.0/STM32CubeIDE/plugins/com.st.stm32cube.ide.mcu.externaltools.gnu-tools-for-stm32.12.3.rel1.win32_1.0.200.202406191623/tools/bin/../lib/gcc/arm-none-eabi/12.3.1/../../../../arm-none-eabi/lib/thumb/v7e-m+fp/hard\libc_nano.a(libc_a-mallocr.o)
 .text._malloc_r
                0x0800b108      0x100 C:/ST/STM32CubeIDE_1.16.0/STM32CubeIDE/plugins/com.st.stm32cube.ide.mcu.externaltools.gnu-tools-for-stm32.12.3.rel1.win32_1.0.200.202406191623/tools/bin/../lib/gcc/arm-none-eabi/12.3.1/../../../../arm-none-eabi/lib/thumb/v7e-m+fp/hard\libc_nano.a(libc_a-mallocr.o)
                0x0800b108                _malloc_r
 .text.__malloc_lock
                0x0800b208        0xc C:/ST/STM32CubeIDE_1.16.0/STM32CubeIDE/plugins/com.st.stm32cube.ide.mcu.externaltools.gnu-tools-for-stm32.12.3.rel1.win32_1.0.200.202406191623/tools/bin/../lib/gcc/arm-none-eabi/12.3.1/../../../../arm-none-eabi/lib/thumb/v7e-m+fp/hard\libc_nano.a(libc_a-mlock.o)
                0x0800b208                __malloc_lock
 .text.__malloc_unlock
                0x0800b214        0xc C:/ST/STM32CubeIDE_1.16.0/STM32CubeIDE/plugins/com.st.stm32cube.ide.mcu.externaltools.gnu-tools-for-stm32.12.3.rel1.win32_1.0.200.202406191623/tools/bin/../lib/gcc/arm-none-eabi/12.3.1/../../../../arm-none-eabi/lib/thumb/v7e-m+fp/hard\libc_nano.a(libc_a-mlock.o)
                0x0800b214                __malloc_unlock
 .text._Balloc  0x0800b220       0x80 C:/ST/STM32CubeIDE_1.16.0/STM32CubeIDE/plugins/com.st.stm32cube.ide.mcu.externaltools.gnu-tools-for-stm32.12.3.rel1.win32_1.0.200.202406191623/tools/bin/../lib/gcc/arm-none-eabi/12.3.1/../../../../arm-none-eabi/lib/thumb/v7e-m+fp/hard\libc_nano.a(libc_a-mprec.o)
                0x0800b220                _Balloc
 .text._Bfree   0x0800b2a0       0x44 C:/ST/STM32CubeIDE_1.16.0/STM32CubeIDE/plugins/com.st.stm32cube.ide.mcu.externaltools.gnu-tools-for-stm32.12.3.rel1.win32_1.0.200.202406191623/tools/bin/../lib/gcc/arm-none-eabi/12.3.1/../../../../arm-none-eabi/lib/thumb/v7e-m+fp/hard\libc_nano.a(libc_a-mprec.o)
                0x0800b2a0                _Bfree
 .text.__multadd
                0x0800b2e4       0x8c C:/ST/STM32CubeIDE_1.16.0/STM32CubeIDE/plugins/com.st.stm32cube.ide.mcu.externaltools.gnu-tools-for-stm32.12.3.rel1.win32_1.0.200.202406191623/tools/bin/../lib/gcc/arm-none-eabi/12.3.1/../../../../arm-none-eabi/lib/thumb/v7e-m+fp/hard\libc_nano.a(libc_a-mprec.o)
                0x0800b2e4                __multadd
 .text.__hi0bits
                0x0800b370       0x3e C:/ST/STM32CubeIDE_1.16.0/STM32CubeIDE/plugins/com.st.stm32cube.ide.mcu.externaltools.gnu-tools-for-stm32.12.3.rel1.win32_1.0.200.202406191623/tools/bin/../lib/gcc/arm-none-eabi/12.3.1/../../../../arm-none-eabi/lib/thumb/v7e-m+fp/hard\libc_nano.a(libc_a-mprec.o)
                0x0800b370                __hi0bits
 .text.__lo0bits
                0x0800b3ae       0x5a C:/ST/STM32CubeIDE_1.16.0/STM32CubeIDE/plugins/com.st.stm32cube.ide.mcu.externaltools.gnu-tools-for-stm32.12.3.rel1.win32_1.0.200.202406191623/tools/bin/../lib/gcc/arm-none-eabi/12.3.1/../../../../arm-none-eabi/lib/thumb/v7e-m+fp/hard\libc_nano.a(libc_a-mprec.o)
                0x0800b3ae                __lo0bits
 .text.__i2b    0x0800b408       0x2c C:/ST/STM32CubeIDE_1.16.0/STM32CubeIDE/plugins/com.st.stm32cube.ide.mcu.externaltools.gnu-tools-for-stm32.12.3.rel1.win32_1.0.200.202406191623/tools/bin/../lib/gcc/arm-none-eabi/12.3.1/../../../../arm-none-eabi/lib/thumb/v7e-m+fp/hard\libc_nano.a(libc_a-mprec.o)
                0x0800b408                __i2b
 .text.__multiply
                0x0800b434      0x154 C:/ST/STM32CubeIDE_1.16.0/STM32CubeIDE/plugins/com.st.stm32cube.ide.mcu.externaltools.gnu-tools-for-stm32.12.3.rel1.win32_1.0.200.202406191623/tools/bin/../lib/gcc/arm-none-eabi/12.3.1/../../../../arm-none-eabi/lib/thumb/v7e-m+fp/hard\libc_nano.a(libc_a-mprec.o)
                0x0800b434                __multiply
 .text.__pow5mult
                0x0800b588       0xb4 C:/ST/STM32CubeIDE_1.16.0/STM32CubeIDE/plugins/com.st.stm32cube.ide.mcu.externaltools.gnu-tools-for-stm32.12.3.rel1.win32_1.0.200.202406191623/tools/bin/../lib/gcc/arm-none-eabi/12.3.1/../../../../arm-none-eabi/lib/thumb/v7e-m+fp/hard\libc_nano.a(libc_a-mprec.o)
                0x0800b588                __pow5mult
 .text.__lshift
                0x0800b63c       0xd8 C:/ST/STM32CubeIDE_1.16.0/STM32CubeIDE/plugins/com.st.stm32cube.ide.mcu.externaltools.gnu-tools-for-stm32.12.3.rel1.win32_1.0.200.202406191623/tools/bin/../lib/gcc/arm-none-eabi/12.3.1/../../../../arm-none-eabi/lib/thumb/v7e-m+fp/hard\libc_nano.a(libc_a-mprec.o)
                0x0800b63c                __lshift
 .text.__mcmp   0x0800b714       0x36 C:/ST/STM32CubeIDE_1.16.0/STM32CubeIDE/plugins/com.st.stm32cube.ide.mcu.externaltools.gnu-tools-for-stm32.12.3.rel1.win32_1.0.200.202406191623/tools/bin/../lib/gcc/arm-none-eabi/12.3.1/../../../../arm-none-eabi/lib/thumb/v7e-m+fp/hard\libc_nano.a(libc_a-mprec.o)
                0x0800b714                __mcmp
 *fill*         0x0800b74a        0x2 
 .text.__mdiff  0x0800b74c      0x128 C:/ST/STM32CubeIDE_1.16.0/STM32CubeIDE/plugins/com.st.stm32cube.ide.mcu.externaltools.gnu-tools-for-stm32.12.3.rel1.win32_1.0.200.202406191623/tools/bin/../lib/gcc/arm-none-eabi/12.3.1/../../../../arm-none-eabi/lib/thumb/v7e-m+fp/hard\libc_nano.a(libc_a-mprec.o)
                0x0800b74c                __mdiff
 .text.__d2b    0x0800b874       0xb0 C:/ST/STM32CubeIDE_1.16.0/STM32CubeIDE/plugins/com.st.stm32cube.ide.mcu.externaltools.gnu-tools-for-stm32.12.3.rel1.win32_1.0.200.202406191623/tools/bin/../lib/gcc/arm-none-eabi/12.3.1/../../../../arm-none-eabi/lib/thumb/v7e-m+fp/hard\libc_nano.a(libc_a-mprec.o)
                0x0800b874                __d2b
 .text.__ssputs_r
                0x0800b924       0xb6 C:/ST/STM32CubeIDE_1.16.0/STM32CubeIDE/plugins/com.st.stm32cube.ide.mcu.externaltools.gnu-tools-for-stm32.12.3.rel1.win32_1.0.200.202406191623/tools/bin/../lib/gcc/arm-none-eabi/12.3.1/../../../../arm-none-eabi/lib/thumb/v7e-m+fp/hard\libc_nano.a(libc_a-nano-svfprintf.o)
                0x0800b924                __ssputs_r
 *fill*         0x0800b9da        0x2 
 .text._svfprintf_r
                0x0800b9dc      0x1f8 C:/ST/STM32CubeIDE_1.16.0/STM32CubeIDE/plugins/com.st.stm32cube.ide.mcu.externaltools.gnu-tools-for-stm32.12.3.rel1.win32_1.0.200.202406191623/tools/bin/../lib/gcc/arm-none-eabi/12.3.1/../../../../arm-none-eabi/lib/thumb/v7e-m+fp/hard\libc_nano.a(libc_a-nano-svfprintf.o)
                0x0800b9dc                _svfiprintf_r
                0x0800b9dc                _svfprintf_r
 .text.__sflush_r
                0x0800bbd4      0x108 C:/ST/STM32CubeIDE_1.16.0/STM32CubeIDE/plugins/com.st.stm32cube.ide.mcu.externaltools.gnu-tools-for-stm32.12.3.rel1.win32_1.0.200.202406191623/tools/bin/../lib/gcc/arm-none-eabi/12.3.1/../../../../arm-none-eabi/lib/thumb/v7e-m+fp/hard\libc_nano.a(libc_a-fflush.o)
                0x0800bbd4                __sflush_r
 .text._fflush_r
                0x0800bcdc       0x50 C:/ST/STM32CubeIDE_1.16.0/STM32CubeIDE/plugins/com.st.stm32cube.ide.mcu.externaltools.gnu-tools-for-stm32.12.3.rel1.win32_1.0.200.202406191623/tools/bin/../lib/gcc/arm-none-eabi/12.3.1/../../../../arm-none-eabi/lib/thumb/v7e-m+fp/hard\libc_nano.a(libc_a-fflush.o)
                0x0800bcdc                _fflush_r
 .text.memmove  0x0800bd2c       0x34 C:/ST/STM32CubeIDE_1.16.0/STM32CubeIDE/plugins/com.st.stm32cube.ide.mcu.externaltools.gnu-tools-for-stm32.12.3.rel1.win32_1.0.200.202406191623/tools/bin/../lib/gcc/arm-none-eabi/12.3.1/../../../../arm-none-eabi/lib/thumb/v7e-m+fp/hard\libc_nano.a(libc_a-memmove.o)
                0x0800bd2c                memmove
 .text._sbrk_r  0x0800bd60       0x20 C:/ST/STM32CubeIDE_1.16.0/STM32CubeIDE/plugins/com.st.stm32cube.ide.mcu.externaltools.gnu-tools-for-stm32.12.3.rel1.win32_1.0.200.202406191623/tools/bin/../lib/gcc/arm-none-eabi/12.3.1/../../../../arm-none-eabi/lib/thumb/v7e-m+fp/hard\libc_nano.a(libc_a-sbrkr.o)
                0x0800bd60                _sbrk_r
 .text.__assert_func
                0x0800bd80       0x3c C:/ST/STM32CubeIDE_1.16.0/STM32CubeIDE/plugins/com.st.stm32cube.ide.mcu.externaltools.gnu-tools-for-stm32.12.3.rel1.win32_1.0.200.202406191623/tools/bin/../lib/gcc/arm-none-eabi/12.3.1/../../../../arm-none-eabi/lib/thumb/v7e-m+fp/hard\libc_nano.a(libc_a-assert.o)
                0x0800bd80                __assert_func
 .text._calloc_r
                0x0800bdbc       0x28 C:/ST/STM32CubeIDE_1.16.0/STM32CubeIDE/plugins/com.st.stm32cube.ide.mcu.externaltools.gnu-tools-for-stm32.12.3.rel1.win32_1.0.200.202406191623/tools/bin/../lib/gcc/arm-none-eabi/12.3.1/../../../../arm-none-eabi/lib/thumb/v7e-m+fp/hard\libc_nano.a(libc_a-callocr.o)
                0x0800bdbc                _calloc_r
 .text.__ascii_mbtowc
                0x0800bde4       0x24 C:/ST/STM32CubeIDE_1.16.0/STM32CubeIDE/plugins/com.st.stm32cube.ide.mcu.externaltools.gnu-tools-for-stm32.12.3.rel1.win32_1.0.200.202406191623/tools/bin/../lib/gcc/arm-none-eabi/12.3.1/../../../../arm-none-eabi/lib/thumb/v7e-m+fp/hard\libc_nano.a(libc_a-mbtowc_r.o)
                0x0800bde4                __ascii_mbtowc
 .text._realloc_r
                0x0800be08       0x5c C:/ST/STM32CubeIDE_1.16.0/STM32CubeIDE/plugins/com.st.stm32cube.ide.mcu.externaltools.gnu-tools-for-stm32.12.3.rel1.win32_1.0.200.202406191623/tools/bin/../lib/gcc/arm-none-eabi/12.3.1/../../../../arm-none-eabi/lib/thumb/v7e-m+fp/hard\libc_nano.a(libc_a-reallocr.o)
                0x0800be08                _realloc_r
 .text.__ascii_wctomb
                0x0800be64       0x1a C:/ST/STM32CubeIDE_1.16.0/STM32CubeIDE/plugins/com.st.stm32cube.ide.mcu.externaltools.gnu-tools-for-stm32.12.3.rel1.win32_1.0.200.202406191623/tools/bin/../lib/gcc/arm-none-eabi/12.3.1/../../../../arm-none-eabi/lib/thumb/v7e-m+fp/hard\libc_nano.a(libc_a-wctomb_r.o)
                0x0800be64                __ascii_wctomb
 *fill*         0x0800be7e        0x2 
 .text.fprintf  0x0800be80       0x24 C:/ST/STM32CubeIDE_1.16.0/STM32CubeIDE/plugins/com.st.stm32cube.ide.mcu.externaltools.gnu-tools-for-stm32.12.3.rel1.win32_1.0.200.202406191623/tools/bin/../lib/gcc/arm-none-eabi/12.3.1/../../../../arm-none-eabi/lib/thumb/v7e-m+fp/hard\libc_nano.a(libc_a-fprintf.o)
                0x0800be80                fiprintf
                0x0800be80                fprintf
 .text.abort    0x0800bea4        0xe C:/ST/STM32CubeIDE_1.16.0/STM32CubeIDE/plugins/com.st.stm32cube.ide.mcu.externaltools.gnu-tools-for-stm32.12.3.rel1.win32_1.0.200.202406191623/tools/bin/../lib/gcc/arm-none-eabi/12.3.1/../../../../arm-none-eabi/lib/thumb/v7e-m+fp/hard\libc_nano.a(libc_a-abort.o)
                0x0800bea4                abort
 .text._malloc_usable_size_r
                0x0800beb2       0x10 C:/ST/STM32CubeIDE_1.16.0/STM32CubeIDE/plugins/com.st.stm32cube.ide.mcu.externaltools.gnu-tools-for-stm32.12.3.rel1.win32_1.0.200.202406191623/tools/bin/../lib/gcc/arm-none-eabi/12.3.1/../../../../arm-none-eabi/lib/thumb/v7e-m+fp/hard\libc_nano.a(libc_a-msizer.o)
                0x0800beb2                _malloc_usable_size_r
 .text.__sfputc_r
                0x0800bec2       0x2e C:/ST/STM32CubeIDE_1.16.0/STM32CubeIDE/plugins/com.st.stm32cube.ide.mcu.externaltools.gnu-tools-for-stm32.12.3.rel1.win32_1.0.200.202406191623/tools/bin/../lib/gcc/arm-none-eabi/12.3.1/../../../../arm-none-eabi/lib/thumb/v7e-m+fp/hard\libc_nano.a(libc_a-nano-vfprintf.o)
 .text.__sfputs_r
                0x0800bef0       0x24 C:/ST/STM32CubeIDE_1.16.0/STM32CubeIDE/plugins/com.st.stm32cube.ide.mcu.externaltools.gnu-tools-for-stm32.12.3.rel1.win32_1.0.200.202406191623/tools/bin/../lib/gcc/arm-none-eabi/12.3.1/../../../../arm-none-eabi/lib/thumb/v7e-m+fp/hard\libc_nano.a(libc_a-nano-vfprintf.o)
                0x0800bef0                __sfputs_r
 .text._vfprintf_r
                0x0800bf14      0x230 C:/ST/STM32CubeIDE_1.16.0/STM32CubeIDE/plugins/com.st.stm32cube.ide.mcu.externaltools.gnu-tools-for-stm32.12.3.rel1.win32_1.0.200.202406191623/tools/bin/../lib/gcc/arm-none-eabi/12.3.1/../../../../arm-none-eabi/lib/thumb/v7e-m+fp/hard\libc_nano.a(libc_a-nano-vfprintf.o)
                0x0800bf14                _vfprintf_r
                0x0800bf14                _vfiprintf_r
 .text.__swbuf_r
                0x0800c144       0x7c C:/ST/STM32CubeIDE_1.16.0/STM32CubeIDE/plugins/com.st.stm32cube.ide.mcu.externaltools.gnu-tools-for-stm32.12.3.rel1.win32_1.0.200.202406191623/tools/bin/../lib/gcc/arm-none-eabi/12.3.1/../../../../arm-none-eabi/lib/thumb/v7e-m+fp/hard\libc_nano.a(libc_a-wbuf.o)
                0x0800c144                __swbuf_r
 .text.__swsetup_r
                0x0800c1c0       0xac C:/ST/STM32CubeIDE_1.16.0/STM32CubeIDE/plugins/com.st.stm32cube.ide.mcu.externaltools.gnu-tools-for-stm32.12.3.rel1.win32_1.0.200.202406191623/tools/bin/../lib/gcc/arm-none-eabi/12.3.1/../../../../arm-none-eabi/lib/thumb/v7e-m+fp/hard\libc_nano.a(libc_a-wsetup.o)
                0x0800c1c0                __swsetup_r
 .text._raise_r
                0x0800c26c       0x50 C:/ST/STM32CubeIDE_1.16.0/STM32CubeIDE/plugins/com.st.stm32cube.ide.mcu.externaltools.gnu-tools-for-stm32.12.3.rel1.win32_1.0.200.202406191623/tools/bin/../lib/gcc/arm-none-eabi/12.3.1/../../../../arm-none-eabi/lib/thumb/v7e-m+fp/hard\libc_nano.a(libc_a-signal.o)
                0x0800c26c                _raise_r
 .text.raise    0x0800c2bc       0x10 C:/ST/STM32CubeIDE_1.16.0/STM32CubeIDE/plugins/com.st.stm32cube.ide.mcu.externaltools.gnu-tools-for-stm32.12.3.rel1.win32_1.0.200.202406191623/tools/bin/../lib/gcc/arm-none-eabi/12.3.1/../../../../arm-none-eabi/lib/thumb/v7e-m+fp/hard\libc_nano.a(libc_a-signal.o)
                0x0800c2bc                raise
 .text._kill_r  0x0800c2cc       0x24 C:/ST/STM32CubeIDE_1.16.0/STM32CubeIDE/plugins/com.st.stm32cube.ide.mcu.externaltools.gnu-tools-for-stm32.12.3.rel1.win32_1.0.200.202406191623/tools/bin/../lib/gcc/arm-none-eabi/12.3.1/../../../../arm-none-eabi/lib/thumb/v7e-m+fp/hard\libc_nano.a(libc_a-signalr.o)
                0x0800c2cc                _kill_r
 .text._getpid_r
                0x0800c2f0        0x4 C:/ST/STM32CubeIDE_1.16.0/STM32CubeIDE/plugins/com.st.stm32cube.ide.mcu.externaltools.gnu-tools-for-stm32.12.3.rel1.win32_1.0.200.202406191623/tools/bin/../lib/gcc/arm-none-eabi/12.3.1/../../../../arm-none-eabi/lib/thumb/v7e-m+fp/hard\libc_nano.a(libc_a-signalr.o)
                0x0800c2f0                _getpid_r
 .text.__swhatbuf_r
                0x0800c2f4       0x4c C:/ST/STM32CubeIDE_1.16.0/STM32CubeIDE/plugins/com.st.stm32cube.ide.mcu.externaltools.gnu-tools-for-stm32.12.3.rel1.win32_1.0.200.202406191623/tools/bin/../lib/gcc/arm-none-eabi/12.3.1/../../../../arm-none-eabi/lib/thumb/v7e-m+fp/hard\libc_nano.a(libc_a-makebuf.o)
                0x0800c2f4                __swhatbuf_r
 .text.__smakebuf_r
                0x0800c340       0x78 C:/ST/STM32CubeIDE_1.16.0/STM32CubeIDE/plugins/com.st.stm32cube.ide.mcu.externaltools.gnu-tools-for-stm32.12.3.rel1.win32_1.0.200.202406191623/tools/bin/../lib/gcc/arm-none-eabi/12.3.1/../../../../arm-none-eabi/lib/thumb/v7e-m+fp/hard\libc_nano.a(libc_a-makebuf.o)
                0x0800c340                __smakebuf_r
 .text._fstat_r
                0x0800c3b8       0x24 C:/ST/STM32CubeIDE_1.16.0/STM32CubeIDE/plugins/com.st.stm32cube.ide.mcu.externaltools.gnu-tools-for-stm32.12.3.rel1.win32_1.0.200.202406191623/tools/bin/../lib/gcc/arm-none-eabi/12.3.1/../../../../arm-none-eabi/lib/thumb/v7e-m+fp/hard\libc_nano.a(libc_a-fstatr.o)
                0x0800c3b8                _fstat_r
 .text._isatty_r
                0x0800c3dc       0x20 C:/ST/STM32CubeIDE_1.16.0/STM32CubeIDE/plugins/com.st.stm32cube.ide.mcu.externaltools.gnu-tools-for-stm32.12.3.rel1.win32_1.0.200.202406191623/tools/bin/../lib/gcc/arm-none-eabi/12.3.1/../../../../arm-none-eabi/lib/thumb/v7e-m+fp/hard\libc_nano.a(libc_a-isattyr.o)
                0x0800c3dc                _isatty_r
 .text.atan2    0x0800c3fc        0x4 C:/ST/STM32CubeIDE_1.16.0/STM32CubeIDE/plugins/com.st.stm32cube.ide.mcu.externaltools.gnu-tools-for-stm32.12.3.rel1.win32_1.0.200.202406191623/tools/bin/../lib/gcc/arm-none-eabi/12.3.1/../../../../arm-none-eabi/lib/thumb/v7e-m+fp/hard\libm.a(libm_a-w_atan2.o)
                0x0800c3fc                atan2
 .text.pow      0x0800c400       0xe0 C:/ST/STM32CubeIDE_1.16.0/STM32CubeIDE/plugins/com.st.stm32cube.ide.mcu.externaltools.gnu-tools-for-stm32.12.3.rel1.win32_1.0.200.202406191623/tools/bin/../lib/gcc/arm-none-eabi/12.3.1/../../../../arm-none-eabi/lib/thumb/v7e-m+fp/hard\libm.a(libm_a-w_pow.o)
                0x0800c400                pow
 .text.sqrt     0x0800c4e0       0x58 C:/ST/STM32CubeIDE_1.16.0/STM32CubeIDE/plugins/com.st.stm32cube.ide.mcu.externaltools.gnu-tools-for-stm32.12.3.rel1.win32_1.0.200.202406191623/tools/bin/../lib/gcc/arm-none-eabi/12.3.1/../../../../arm-none-eabi/lib/thumb/v7e-m+fp/hard\libm.a(libm_a-w_sqrt.o)
                0x0800c4e0                sqrt
 .text.finite   0x0800c538       0x16 C:/ST/STM32CubeIDE_1.16.0/STM32CubeIDE/plugins/com.st.stm32cube.ide.mcu.externaltools.gnu-tools-for-stm32.12.3.rel1.win32_1.0.200.202406191623/tools/bin/../lib/gcc/arm-none-eabi/12.3.1/../../../../arm-none-eabi/lib/thumb/v7e-m+fp/hard\libm.a(libm_a-s_finite.o)
                0x0800c538                finite
 *fill*         0x0800c54e        0x2 
 .text.__ieee754_sqrt
                0x0800c550      0x1b4 C:/ST/STM32CubeIDE_1.16.0/STM32CubeIDE/plugins/com.st.stm32cube.ide.mcu.externaltools.gnu-tools-for-stm32.12.3.rel1.win32_1.0.200.202406191623/tools/bin/../lib/gcc/arm-none-eabi/12.3.1/../../../../arm-none-eabi/lib/thumb/v7e-m+fp/hard\libm.a(libm_a-e_sqrt.o)
                0x0800c550                __ieee754_sqrt
 *fill*         0x0800c704        0x4 
 .text.__ieee754_atan2
                0x0800c708      0x18c C:/ST/STM32CubeIDE_1.16.0/STM32CubeIDE/plugins/com.st.stm32cube.ide.mcu.externaltools.gnu-tools-for-stm32.12.3.rel1.win32_1.0.200.202406191623/tools/bin/../lib/gcc/arm-none-eabi/12.3.1/../../../../arm-none-eabi/lib/thumb/v7e-m+fp/hard\libm.a(libm_a-e_atan2.o)
                0x0800c708                __ieee754_atan2
 *fill*         0x0800c894        0x4 
 .text.__ieee754_pow
                0x0800c898      0xa88 C:/ST/STM32CubeIDE_1.16.0/STM32CubeIDE/plugins/com.st.stm32cube.ide.mcu.externaltools.gnu-tools-for-stm32.12.3.rel1.win32_1.0.200.202406191623/tools/bin/../lib/gcc/arm-none-eabi/12.3.1/../../../../arm-none-eabi/lib/thumb/v7e-m+fp/hard\libm.a(libm_a-e_pow.o)
                0x0800c898                __ieee754_pow
 .text.atan     0x0800d320      0x330 C:/ST/STM32CubeIDE_1.16.0/STM32CubeIDE/plugins/com.st.stm32cube.ide.mcu.externaltools.gnu-tools-for-stm32.12.3.rel1.win32_1.0.200.202406191623/tools/bin/../lib/gcc/arm-none-eabi/12.3.1/../../../../arm-none-eabi/lib/thumb/v7e-m+fp/hard\libm.a(libm_a-s_atan.o)
                0x0800d320                atan
 .text.fabs     0x0800d650       0x10 C:/ST/STM32CubeIDE_1.16.0/STM32CubeIDE/plugins/com.st.stm32cube.ide.mcu.externaltools.gnu-tools-for-stm32.12.3.rel1.win32_1.0.200.202406191623/tools/bin/../lib/gcc/arm-none-eabi/12.3.1/../../../../arm-none-eabi/lib/thumb/v7e-m+fp/hard\libm.a(libm_a-s_fabs.o)
                0x0800d650                fabs
 .text.scalbn   0x0800d660       0xfc C:/ST/STM32CubeIDE_1.16.0/STM32CubeIDE/plugins/com.st.stm32cube.ide.mcu.externaltools.gnu-tools-for-stm32.12.3.rel1.win32_1.0.200.202406191623/tools/bin/../lib/gcc/arm-none-eabi/12.3.1/../../../../arm-none-eabi/lib/thumb/v7e-m+fp/hard\libm.a(libm_a-s_scalbn.o)
                0x0800d660                scalbn
 .text.with_errno
                0x0800d75c       0x24 C:/ST/STM32CubeIDE_1.16.0/STM32CubeIDE/plugins/com.st.stm32cube.ide.mcu.externaltools.gnu-tools-for-stm32.12.3.rel1.win32_1.0.200.202406191623/tools/bin/../lib/gcc/arm-none-eabi/12.3.1/../../../../arm-none-eabi/lib/thumb/v7e-m+fp/hard\libm.a(libm_a-math_err.o)
 .text.xflow    0x0800d780       0x32 C:/ST/STM32CubeIDE_1.16.0/STM32CubeIDE/plugins/com.st.stm32cube.ide.mcu.externaltools.gnu-tools-for-stm32.12.3.rel1.win32_1.0.200.202406191623/tools/bin/../lib/gcc/arm-none-eabi/12.3.1/../../../../arm-none-eabi/lib/thumb/v7e-m+fp/hard\libm.a(libm_a-math_err.o)
 *fill*         0x0800d7b2        0x6 
 .text.__math_uflow
                0x0800d7b8       0x10 C:/ST/STM32CubeIDE_1.16.0/STM32CubeIDE/plugins/com.st.stm32cube.ide.mcu.externaltools.gnu-tools-for-stm32.12.3.rel1.win32_1.0.200.202406191623/tools/bin/../lib/gcc/arm-none-eabi/12.3.1/../../../../arm-none-eabi/lib/thumb/v7e-m+fp/hard\libm.a(libm_a-math_err.o)
                0x0800d7b8                __math_uflow
 .text.__math_oflow
                0x0800d7c8       0x10 C:/ST/STM32CubeIDE_1.16.0/STM32CubeIDE/plugins/com.st.stm32cube.ide.mcu.externaltools.gnu-tools-for-stm32.12.3.rel1.win32_1.0.200.202406191623/tools/bin/../lib/gcc/arm-none-eabi/12.3.1/../../../../arm-none-eabi/lib/thumb/v7e-m+fp/hard\libm.a(libm_a-math_err.o)
                0x0800d7c8                __math_oflow
 *(.glue_7)
 .glue_7        0x0800d7d8        0x0 linker stubs
 *(.glue_7t)
 .glue_7t       0x0800d7d8        0x0 linker stubs
 *(.eh_frame)
 .eh_frame      0x0800d7d8        0x0 C:/ST/STM32CubeIDE_1.16.0/STM32CubeIDE/plugins/com.st.stm32cube.ide.mcu.externaltools.gnu-tools-for-stm32.12.3.rel1.win32_1.0.200.202406191623/tools/bin/../lib/gcc/arm-none-eabi/12.3.1/thumb/v7e-m+fp/hard/crtbegin.o
 *(.init)
 .init          0x0800d7d8        0x4 C:/ST/STM32CubeIDE_1.16.0/STM32CubeIDE/plugins/com.st.stm32cube.ide.mcu.externaltools.gnu-tools-for-stm32.12.3.rel1.win32_1.0.200.202406191623/tools/bin/../lib/gcc/arm-none-eabi/12.3.1/thumb/v7e-m+fp/hard/crti.o
                0x0800d7d8                _init
 .init          0x0800d7dc        0x8 C:/ST/STM32CubeIDE_1.16.0/STM32CubeIDE/plugins/com.st.stm32cube.ide.mcu.externaltools.gnu-tools-for-stm32.12.3.rel1.win32_1.0.200.202406191623/tools/bin/../lib/gcc/arm-none-eabi/12.3.1/thumb/v7e-m+fp/hard/crtn.o
 *(.fini)
 .fini          0x0800d7e4        0x4 C:/ST/STM32CubeIDE_1.16.0/STM32CubeIDE/plugins/com.st.stm32cube.ide.mcu.externaltools.gnu-tools-for-stm32.12.3.rel1.win32_1.0.200.202406191623/tools/bin/../lib/gcc/arm-none-eabi/12.3.1/thumb/v7e-m+fp/hard/crti.o
                0x0800d7e4                _fini
 .fini          0x0800d7e8        0x8 C:/ST/STM32CubeIDE_1.16.0/STM32CubeIDE/plugins/com.st.stm32cube.ide.mcu.externaltools.gnu-tools-for-stm32.12.3.rel1.win32_1.0.200.202406191623/tools/bin/../lib/gcc/arm-none-eabi/12.3.1/thumb/v7e-m+fp/hard/crtn.o
                0x0800d7f0                        . = ALIGN (0x4)
                0x0800d7f0                        _etext = .

.vfp11_veneer   0x0800d7f0        0x0
 .vfp11_veneer  0x0800d7f0        0x0 linker stubs

.v4_bx          0x0800d7f0        0x0
 .v4_bx         0x0800d7f0        0x0 linker stubs

.iplt           0x0800d7f0        0x0
 .iplt          0x0800d7f0        0x0 C:/ST/STM32CubeIDE_1.16.0/STM32CubeIDE/plugins/com.st.stm32cube.ide.mcu.externaltools.gnu-tools-for-stm32.12.3.rel1.win32_1.0.200.202406191623/tools/bin/../lib/gcc/arm-none-eabi/12.3.1/thumb/v7e-m+fp/hard/crtbegin.o

.rodata         0x0800d7f0      0x660
                0x0800d7f0                        . = ALIGN (0x4)
 *(.rodata)
 .rodata        0x0800d7f0      0x1ed ./Core/Src/main.o
 *fill*         0x0800d9dd        0x3 
 .rodata        0x0800d9e0       0x42 ./USB_DEVICE/App/usbd_desc.o
 *(.rodata*)
 *fill*         0x0800da22        0x2 
 .rodata.AHBPrescTable
                0x0800da24       0x10 ./Core/Src/system_stm32f4xx.o
                0x0800da24                AHBPrescTable
 .rodata.APBPrescTable
                0x0800da34        0x8 ./Core/Src/system_stm32f4xx.o
                0x0800da34                APBPrescTable
 .rodata._printf_float.str1.1
                0x0800da3c       0x12 C:/ST/STM32CubeIDE_1.16.0/STM32CubeIDE/plugins/com.st.stm32cube.ide.mcu.externaltools.gnu-tools-for-stm32.12.3.rel1.win32_1.0.200.202406191623/tools/bin/../lib/gcc/arm-none-eabi/12.3.1/../../../../arm-none-eabi/lib/thumb/v7e-m+fp/hard\libc_nano.a(libc_a-nano-vfprintf_float.o)
 .rodata._printf_i.str1.1
                0x0800da4e       0x22 C:/ST/STM32CubeIDE_1.16.0/STM32CubeIDE/plugins/com.st.stm32cube.ide.mcu.externaltools.gnu-tools-for-stm32.12.3.rel1.win32_1.0.200.202406191623/tools/bin/../lib/gcc/arm-none-eabi/12.3.1/../../../../arm-none-eabi/lib/thumb/v7e-m+fp/hard\libc_nano.a(libc_a-nano-vfprintf_i.o)
 .rodata._dtoa_r.str1.1
                0x0800da70       0x8d C:/ST/STM32CubeIDE_1.16.0/STM32CubeIDE/plugins/com.st.stm32cube.ide.mcu.externaltools.gnu-tools-for-stm32.12.3.rel1.win32_1.0.200.202406191623/tools/bin/../lib/gcc/arm-none-eabi/12.3.1/../../../../arm-none-eabi/lib/thumb/v7e-m+fp/hard\libc_nano.a(libc_a-dtoa.o)
                                 0x8f (size before relaxing)
 .rodata._Balloc.str1.1
                0x0800dafd       0x59 C:/ST/STM32CubeIDE_1.16.0/STM32CubeIDE/plugins/com.st.stm32cube.ide.mcu.externaltools.gnu-tools-for-stm32.12.3.rel1.win32_1.0.200.202406191623/tools/bin/../lib/gcc/arm-none-eabi/12.3.1/../../../../arm-none-eabi/lib/thumb/v7e-m+fp/hard\libc_nano.a(libc_a-mprec.o)
                                 0x70 (size before relaxing)
 .rodata.__multadd.str1.1
                0x0800db56       0x11 C:/ST/STM32CubeIDE_1.16.0/STM32CubeIDE/plugins/com.st.stm32cube.ide.mcu.externaltools.gnu-tools-for-stm32.12.3.rel1.win32_1.0.200.202406191623/tools/bin/../lib/gcc/arm-none-eabi/12.3.1/../../../../arm-none-eabi/lib/thumb/v7e-m+fp/hard\libc_nano.a(libc_a-mprec.o)
 *fill*         0x0800db56        0x2 
 .rodata.p05.0  0x0800db58        0xc C:/ST/STM32CubeIDE_1.16.0/STM32CubeIDE/plugins/com.st.stm32cube.ide.mcu.externaltools.gnu-tools-for-stm32.12.3.rel1.win32_1.0.200.202406191623/tools/bin/../lib/gcc/arm-none-eabi/12.3.1/../../../../arm-none-eabi/lib/thumb/v7e-m+fp/hard\libc_nano.a(libc_a-mprec.o)
 *fill*         0x0800db64        0x4 
 .rodata.__mprec_bigtens
                0x0800db68       0x28 C:/ST/STM32CubeIDE_1.16.0/STM32CubeIDE/plugins/com.st.stm32cube.ide.mcu.externaltools.gnu-tools-for-stm32.12.3.rel1.win32_1.0.200.202406191623/tools/bin/../lib/gcc/arm-none-eabi/12.3.1/../../../../arm-none-eabi/lib/thumb/v7e-m+fp/hard\libc_nano.a(libc_a-mprec.o)
                0x0800db68                __mprec_bigtens
 .rodata.__mprec_tens
                0x0800db90       0xc8 C:/ST/STM32CubeIDE_1.16.0/STM32CubeIDE/plugins/com.st.stm32cube.ide.mcu.externaltools.gnu-tools-for-stm32.12.3.rel1.win32_1.0.200.202406191623/tools/bin/../lib/gcc/arm-none-eabi/12.3.1/../../../../arm-none-eabi/lib/thumb/v7e-m+fp/hard\libc_nano.a(libc_a-mprec.o)
                0x0800db90                __mprec_tens
 .rodata._svfprintf_r.str1.1
                0x0800dc58       0x11 C:/ST/STM32CubeIDE_1.16.0/STM32CubeIDE/plugins/com.st.stm32cube.ide.mcu.externaltools.gnu-tools-for-stm32.12.3.rel1.win32_1.0.200.202406191623/tools/bin/../lib/gcc/arm-none-eabi/12.3.1/../../../../arm-none-eabi/lib/thumb/v7e-m+fp/hard\libc_nano.a(libc_a-nano-svfprintf.o)
 .rodata._setlocale_r.str1.1
                0x0800dc69        0x8 C:/ST/STM32CubeIDE_1.16.0/STM32CubeIDE/plugins/com.st.stm32cube.ide.mcu.externaltools.gnu-tools-for-stm32.12.3.rel1.win32_1.0.200.202406191623/tools/bin/../lib/gcc/arm-none-eabi/12.3.1/../../../../arm-none-eabi/lib/thumb/v7e-m+fp/hard\libc_nano.a(libc_a-locale.o)
                                  0x9 (size before relaxing)
 .rodata.str1.1
                0x0800dc71        0x2 C:/ST/STM32CubeIDE_1.16.0/STM32CubeIDE/plugins/com.st.stm32cube.ide.mcu.externaltools.gnu-tools-for-stm32.12.3.rel1.win32_1.0.200.202406191623/tools/bin/../lib/gcc/arm-none-eabi/12.3.1/../../../../arm-none-eabi/lib/thumb/v7e-m+fp/hard\libc_nano.a(libc_a-locale.o)
 .rodata.__assert_func.str1.1
                0x0800dc73       0x3c C:/ST/STM32CubeIDE_1.16.0/STM32CubeIDE/plugins/com.st.stm32cube.ide.mcu.externaltools.gnu-tools-for-stm32.12.3.rel1.win32_1.0.200.202406191623/tools/bin/../lib/gcc/arm-none-eabi/12.3.1/../../../../arm-none-eabi/lib/thumb/v7e-m+fp/hard\libc_nano.a(libc_a-assert.o)
                                 0x3d (size before relaxing)
 .rodata._ctype_
                0x0800dcaf      0x101 C:/ST/STM32CubeIDE_1.16.0/STM32CubeIDE/plugins/com.st.stm32cube.ide.mcu.externaltools.gnu-tools-for-stm32.12.3.rel1.win32_1.0.200.202406191623/tools/bin/../lib/gcc/arm-none-eabi/12.3.1/../../../../arm-none-eabi/lib/thumb/v7e-m+fp/hard\libc_nano.a(libc_a-ctype_.o)
                0x0800dcaf                _ctype_
 .rodata._vfprintf_r.str1.1
                0x0800ddb0       0x11 C:/ST/STM32CubeIDE_1.16.0/STM32CubeIDE/plugins/com.st.stm32cube.ide.mcu.externaltools.gnu-tools-for-stm32.12.3.rel1.win32_1.0.200.202406191623/tools/bin/../lib/gcc/arm-none-eabi/12.3.1/../../../../arm-none-eabi/lib/thumb/v7e-m+fp/hard\libc_nano.a(libc_a-nano-vfprintf.o)
 .rodata.CSWTCH.9
                0x0800ddb0       0x18 C:/ST/STM32CubeIDE_1.16.0/STM32CubeIDE/plugins/com.st.stm32cube.ide.mcu.externaltools.gnu-tools-for-stm32.12.3.rel1.win32_1.0.200.202406191623/tools/bin/../lib/gcc/arm-none-eabi/12.3.1/../../../../arm-none-eabi/lib/thumb/v7e-m+fp/hard\libm.a(libm_a-e_atan2.o)
 .rodata.CSWTCH.8
                0x0800ddc8       0x18 C:/ST/STM32CubeIDE_1.16.0/STM32CubeIDE/plugins/com.st.stm32cube.ide.mcu.externaltools.gnu-tools-for-stm32.12.3.rel1.win32_1.0.200.202406191623/tools/bin/../lib/gcc/arm-none-eabi/12.3.1/../../../../arm-none-eabi/lib/thumb/v7e-m+fp/hard\libm.a(libm_a-e_atan2.o)
 .rodata.dp_l   0x0800dde0       0x10 C:/ST/STM32CubeIDE_1.16.0/STM32CubeIDE/plugins/com.st.stm32cube.ide.mcu.externaltools.gnu-tools-for-stm32.12.3.rel1.win32_1.0.200.202406191623/tools/bin/../lib/gcc/arm-none-eabi/12.3.1/../../../../arm-none-eabi/lib/thumb/v7e-m+fp/hard\libm.a(libm_a-e_pow.o)
 .rodata.dp_h   0x0800ddf0       0x10 C:/ST/STM32CubeIDE_1.16.0/STM32CubeIDE/plugins/com.st.stm32cube.ide.mcu.externaltools.gnu-tools-for-stm32.12.3.rel1.win32_1.0.200.202406191623/tools/bin/../lib/gcc/arm-none-eabi/12.3.1/../../../../arm-none-eabi/lib/thumb/v7e-m+fp/hard\libm.a(libm_a-e_pow.o)
 .rodata.bp     0x0800de00       0x10 C:/ST/STM32CubeIDE_1.16.0/STM32CubeIDE/plugins/com.st.stm32cube.ide.mcu.externaltools.gnu-tools-for-stm32.12.3.rel1.win32_1.0.200.202406191623/tools/bin/../lib/gcc/arm-none-eabi/12.3.1/../../../../arm-none-eabi/lib/thumb/v7e-m+fp/hard\libm.a(libm_a-e_pow.o)
 .rodata.atanlo